   alpha beta                                                                   
                                                                                
                                                                                
  03_abcdef ghij                                                                
  04_abcdef ghij                                                                
  05_abcdef ghij                                                                
  06_abcdef ghij                                                                
  07_abcdef ghij                                                                
  08_abcdef ghij                                                                
  09_abcdef ghij                                                                
  10_abcdef ghij                                                                
  11_abcdef ghij                                                                
  12_abcdef ghij                                                                
  13_abcdef ghij                                                                
  14_abcdef ghij                                                                
  15_abcdef ghij                                                                
  16_abcdef ghij                                                                
  17_abcdef ghij                                                                
  18_abcdef ghij                                                                
  19_abcdef ghij                                                                
~                                                                               
~                                                                               
~                                                                               
19;15
   alpha beta                                                                   
                                                                                
                                                                                
  03_abcdef ghij                                                                
  04_abcdef ghij                                                                
  05_abcdef ghij                                                                
  06_abcdef ghij                                                                
  07_abcdef ghij                                                                
  08_abcdef ghij                                                                
  09_abcdef ghij                                                                
  10_abcdef ghij                                                                
  11_abcdef ghij                                                                
  12_abcdef ghij                                                                
  13_abcdef ghij                                                                
  14_abcdef ghij                                                                
  15_abcdef ghij                                                                
  16_abcdef ghij                                                                
  17_abcdef ghij                                                                
  18_abcdef ghij                                                                
  19_abcdef ghij                                                                
~                                                                               
~                                                                               
~                                                                               
0;3
   alpha beta                                                                   
                                                                                
                                                                                
  ef ghij                                                                       
  04_abcdef ghij                                                                
  05_abcdef ghij                                                                
  06_abcdef ghij                                                                
  07_abcdef ghij                                                                
  08_abcdef ghij                                                                
  09_abcdef ghij                                                                
  10_abcdef ghij                                                                
  11_abcdef ghij                                                                
  12_abcdef ghij                                                                
  13_abcdef ghij                                                                
  14_abcdef ghij                                                                
  15_abcdef ghij                                                                
  16_abcdef ghij                                                                
  17_abcdef ghij                                                                
  18_abcdef ghij                                                                
  19_abcdef ghij                                                                
~                                                                               
~                                                                               
~                                                                               
3;2
   alpha beta                                                                   
                                                                                
                                                                                
  ef ghij                                                                       
  04_abcdef ghij                                                                
  def ghij                                                                      
  06_abcdef ghij                                                                
  07_abcdef ghij                                                                
  08_abcdef ghij                                                                
  09_abcdef ghij                                                                
  10_abcdef ghij                                                                
  11_abcdef ghij                                                                
  12_abcdef ghij                                                                
  13_abcdef ghij                                                                
  14_abcdef ghij                                                                
  15_abcdef ghij                                                                
  16_abcdef ghij                                                                
  17_abcdef ghij                                                                
  18_abcdef ghij                                                                
  19_abcdef ghij                                                                
~                                                                               
~                                                                               
~                                                                               
5;2
   alpha beta                                                                   
                                                                                
                                                                                
  ef ghij                                                                       
  04_abcdef ghij                                                                
  BODYdef ghij                                                                  
  06_abcdef ghij                                                                
  07_abcdef ghij                                                                
  08_abcdef ghij                                                                
  09_abcdef ghij                                                                
  10_abcdef ghij                                                                
  11_abcdef ghij                                                                
  12_abcdef ghij                                                                
  13_abcdef ghij                                                                
  14_abcdef ghij                                                                
  15_abcdef ghij                                                                
  16_abcdef ghij                                                                
  17_abcdef ghij                                                                
  18_abcdef ghij                                                                
  19_abcdef ghij                                                                
~                                                                               
~                                                                               
~                                                                               
5;5
   alpha beta                                                                   
                                                                                
                                                                                
  ef ghij                                                                       
  04_abcdef ghij                                                                
  BODYdef ghij                                                                  
  06_abcdef ghij                                                                
07_abcdef ghij                                                                  
  08_abcdef ghij                                                                
  09_abcdef ghij                                                                
  10_abcdef ghij                                                                
  11_abcdef ghij                                                                
  12_abcdef ghij                                                                
  13_abcdef ghij                                                                
  14_abcdef ghij                                                                
  15_abcdef ghij                                                                
  16_abcdef ghij                                                                
  17_abcdef ghij                                                                
  18_abcdef ghij                                                                
  19_abcdef ghij                                                                
~                                                                               
~                                                                               
~                                                                               
7;0
   alpha beta                                                                   
                                                                                
                                                                                
  ef ghij                                                                       
  04_abcdef ghij                                                                
  BODYdef ghij                                                                  
  06_abcdef ghij                                                                
07_abcdef ghij                                                                  
  08_abcdef ghij                                                                
  09_abcdef ghij                                                                
  10_abcdef ghij                                                                
  11_abcdef ghij                                                                
  12_abcdef ghij                                                                
  13_abcdef ghij                                                                
  14_abcdef ghij                                                                
  15_abcdef ghij                                                                
  16_abcdef ghij                                                                
  17_abcdef ghij                                                                
  18_abcdef ghij                                                                
  19_abcdef ghij                                                                
~                                                                               
~                                                                               
~                                                                               
1;0
   alpha beta                                                                   
                                                                                
                                                                                
  ef ghij                                                                       
  04_abcdef ghij                                                                
  BODYdef ghij                                                                  
  06_abcdef ghij                                                                
07_abcdef ghij                                                                  
  08_abcdef ghij                                                                
   ghij                                                                         
  10_abcdef ghij                                                                
  11_abcdef ghij                                                                
  12_abcdef ghij                                                                
  13_abcdef ghij                                                                
  14_abcdef ghij                                                                
  15_abcdef ghij                                                                
  16_abcdef ghij                                                                
  17_abcdef ghij                                                                
  18_abcdef ghij                                                                
  19_abcdef ghij                                                                
~                                                                               
~                                                                               
~                                                                               
9;2
   alpha beta                                                                   
                                                                                
                                                                                
  ef ghij                                                                       
  04_abcdef ghij                                                                
  BODYdef ghij                                                                  
  06_abcdef ghij                                                                
07_abcdef ghij                                                                  
  08_abcdef ghij                                                                
   ghij                                                                         
  10_abcdef ghij                                                                
  11_abcdef ghij                                                                
  12_abcdef ghij                                                                
  13_abcdef ghij                                                                
  14_abcdef ghij                                                                
  15_abcdef ghij                                                                
  16_abcdef ghij                                                                
  17_abcdef ghij                                                                
  18_abcdef ghij                                                                
  19_abcdef ghij                                                                
~                                                                               
~                                                                               
~                                                                               
2;0
   alpha beta                                                                   
                                                                                
                                                                                
  ef ghij                                                                       
  04_abcdef ghij                                                                
  BODYdef ghij                                                                  
  06_abcdef ghij                                                                
07_abcdef ghij                                                                  
  08_abcdef ghij                                                                
   ghij                                                                         
  10_abcdef ghij                                                                
  11_abcdef ghij                                                                
  12_abcdef ghij                                                                
  13_abcdef ghij                                                                
  14_abcdef ghij                                                                
  15_abcdef ghij                                                                
  16_abcdef ghij                                                                
  17_abcdef ghij                                                                
  18_abcdef ghij                                                                
  19_abcdef ghij                                                                
~                                                                               
~                                                                               
~                                                                               
2;0
   alpha beta                                                                   
                                                                                
BLANK                                                                           
  ef ghij                                                                       
  04_abcdef ghij                                                                
  BODYdef ghij                                                                  
  06_abcdef ghij                                                                
07_abcdef ghij                                                                  
  08_abcdef ghij                                                                
   ghij                                                                         
  10_abcdef ghij                                                                
  11_abcdef ghij                                                                
  12_abcdef ghij                                                                
  13_abcdef ghij                                                                
  14_abcdef ghij                                                                
  15_abcdef ghij                                                                
  16_abcdef ghij                                                                
  17_abcdef ghij                                                                
  18_abcdef ghij                                                                
  19_abcdef ghij                                                                
~                                                                               
~                                                                               
~                                                                               
2;4
   alpha beta                                                                   
                                                                                
BLANK                                                                           
  ef ghij                                                                       
  04_abcdef ghij                                                                
  BODYdef ghij                                                                  
  06_abcdef ghij                                                                
07_abcdef ghij                                                                  
  08_abcdef ghij                                                                
   ghij                                                                         
  10_abcdef ghij                                                                
  11_abcdef ghij                                                                
  12_abcdef ghij                                                                
  13_abcdef ghij                                                                
  14_abcdef ghij                                                                
  15_abcdef ghij                                                                
  16_abcdef ghij                                                                
  17_abcdef ghij                                                                
  18_abcdef ghij                                                                
  19_abcdef ghij                                                                
~                                                                               
~                                                                               
~                                                                               
11;2
