00_abcdefghijklmno                                                              
01_abcdefghijklmno                                                              
                                                                                
03_abcdefghijklmno                                                              
04_abcdefghijklmno                                                              
05_abcdefghijklmno                                                              
06_abcdefghijklmno                                                              
07_abcdefghijklmno                                                              
08_abcdefghijklmno                                                              
09_abcdefghijklmno                                                              
10_abcdefghijklmno                                                              
11_abcdefghijklmno                                                              
12_abcdefghijklmno                                                              
13_abcdefghijklmno                                                              
14_abcdefghijklmno                                                              
15_abcdefghijklmno                                                              
16_abcdefghijklmno                                                              
17_abcdefghijklmno                                                              
18_abcdefghijklmno                                                              
19_abcdefghijklmno                                                              
~                                                                               
~                                                                               
~                                                                               
19;17
00_abcdefghijklmno                                                              
01_abcdefghijklmno                                                              
                                                                                
03_abcdefghijklmno                                                              
04_abcdefghijklmno                                                              
05_abcdefghijklmno                                                              
06_abcdefghijklmno                                                              
07_abcdefghijklmno                                                              
08_abcdefghijklmno                                                              
09_abcdefghijklmno                                                              
10_abcdefghijklmno                                                              
11_abcdefghijklmno                                                              
12_abcdefghijklmno                                                              
13_abcdefghijklmno                                                              
14_abcdefghijklmno                                                              
15_abcdefghijklmno                                                              
16_abcdefghijklmno                                                              
17_abcdefghijklmno                                                              
18_abcdefghijklmno                                                              
19_abcdefghijklmno                                                              
~                                                                               
~                                                                               
~                                                                               
0;4
00_abcdefghijklmno                                                              
01_abcdefghijklmno                                                              
                                                                                
03_abc                                                                          
04_abcdefghijklmno                                                              
05_abcdefghijklmno                                                              
06_abcdefghijklmno                                                              
07_abcdefghijklmno                                                              
08_abcdefghijklmno                                                              
09_abcdefghijklmno                                                              
10_abcdefghijklmno                                                              
11_abcdefghijklmno                                                              
12_abcdefghijklmno                                                              
13_abcdefghijklmno                                                              
14_abcdefghijklmno                                                              
15_abcdefghijklmno                                                              
16_abcdefghijklmno                                                              
17_abcdefghijklmno                                                              
18_abcdefghijklmno                                                              
19_abcdefghijklmno                                                              
~                                                                               
~                                                                               
~                                                                               
3;5
00_abcdefghijklmno                                                              
01_abcdefghijklmno                                                              
                                                                                
03_abc                                                                          
04_abcdefghijklmno                                                              
05_ab                                                                           
07_abcdefghijklmno                                                              
08_abcdefghijklmno                                                              
09_abcdefghijklmno                                                              
10_abcdefghijklmno                                                              
11_abcdefghijklmno                                                              
12_abcdefghijklmno                                                              
13_abcdefghijklmno                                                              
14_abcdefghijklmno                                                              
15_abcdefghijklmno                                                              
16_abcdefghijklmno                                                              
17_abcdefghijklmno                                                              
18_abcdefghijklmno                                                              
19_abcdefghijklmno                                                              
~                                                                               
~                                                                               
~                                                                               
~                                                                               
5;5
00_abcdefghijklmno                                                              
01_abcdefghijklmno                                                              
                                                                                
03_abc                                                                          
04_abcdefghijklmno                                                              
05_abNEW                                                                        
TAIL                                                                            
07_abcdefghijklmno                                                              
08_abcdefghijklmno                                                              
09_abcdefghijklmno                                                              
10_abcdefghijklmno                                                              
11_abcdefghijklmno                                                              
12_abcdefghijklmno                                                              
13_abcdefghijklmno                                                              
14_abcdefghijklmno                                                              
15_abcdefghijklmno                                                              
16_abcdefghijklmno                                                              
17_abcdefghijklmno                                                              
18_abcdefghijklmno                                                              
19_abcdefghijklmno                                                              
~                                                                               
~                                                                               
~                                                                               
6;3
00_abcdefghijklmno                                                              
01_abcdefghijklmno                                                              
                                                                                
03_abc                                                                          
04_abcdefghijklmno                                                              
05_abNEW                                                                        
TAIL                                                                            
07_abcdefghijklmno                                                              
08_a                                                                            
12_abcdefghijklmno                                                              
13_abcdefghijklmno                                                              
14_abcdefghijklmno                                                              
15_abcdefghijklmno                                                              
16_abcdefghijklmno                                                              
17_abcdefghijklmno                                                              
18_abcdefghijklmno                                                              
19_abcdefghijklmno                                                              
~                                                                               
~                                                                               
~                                                                               
~                                                                               
~                                                                               
~                                                                               
8;3
00_abcdefghijklmno                                                              
01_abcdefghijklmno                                                              
                                                                                
03_abc                                                                          
04_abcdefghijklmno                                                              
05_abNEW                                                                        
TAIL                                                                            
07_abcdefghijklmno                                                              
08_a                                                                            
12_abcdefghijklmno                                                              
13_abcdefghijklmno                                                              
14_abcdefghijklmno                                                              
15_abcdefghijklmno                                                              
16_abcdefghijklmno                                                              
17_abcdefghijklmno                                                              
18_abcdefghijklmno                                                              
19_abcdefghijklmno                                                              
~                                                                               
~                                                                               
~                                                                               
~                                                                               
~                                                                               
~                                                                               
2;0
00_abcdefghijklmno                                                              
01_abcdefghijklmno                                                              
                                                                                
03_abc                                                                          
04_abcdefghijklmno                                                              
05_abNEW                                                                        
TAIL                                                                            
07_abcdefghijklmno                                                              
08_a                                                                            
12_abcdefghijklmno                                                              
13_abcdefghijklmno                                                              
14_abcdefghijklmno                                                              
15_abcdefghijklmno                                                              
16_abcdefghijklmno                                                              
17_abcdefghijklmno                                                              
18_abcdefghijklmno                                                              
19_abcdefghijklmno                                                              
~                                                                               
~                                                                               
~                                                                               
~                                                                               
~                                                                               
~                                                                               
2;0
00_abcdefghijklmno                                                              
01_abcdefghijklmno                                                              
EMPTY                                                                           
03_abc                                                                          
04_abcdefghijklmno                                                              
05_abNEW                                                                        
TAIL                                                                            
07_abcdefghijklmno                                                              
08_a                                                                            
12_abcdefghijklmno                                                              
13_abcdefghijklmno                                                              
14_abcdefghijklmno                                                              
15_abcdefghijklmno                                                              
16_abcdefghijklmno                                                              
17_abcdefghijklmno                                                              
18_abcdefghijklmno                                                              
19_abcdefghijklmno                                                              
~                                                                               
~                                                                               
~                                                                               
~                                                                               
~                                                                               
~                                                                               
2;4
00_abcdefghijklmno                                                              
01_abcdefghijklmno                                                              
EMPTY                                                                           
03_abc                                                                          
04_abcdefghijklmno                                                              
05_abNEW                                                                        
TAIL                                                                            
07_abcdefghijklmno                                                              
08_a                                                                            
12_abcdefghijklmno                                                              
13_abcdefghijklmno                                                              
14_abcdefghijklmno                                                              
15_abcdefghijklmno                                                              
16_abcdefghijklmno                                                              
17_abcdefghijklmno                                                              
18_abcdefghijklmno                                                              
19_abcdefghijklmno                                                              
~                                                                               
~                                                                               
~                                                                               
~                                                                               
~                                                                               
~                                                                               
16;3
00_abcdefghijklmno                                                              
01_abcdefghijklmno                                                              
EMPTY                                                                           
03_abc                                                                          
04_abcdefghijklmno                                                              
05_abNEW                                                                        
TAIL                                                                            
07_abcdefghijklmno                                                              
08_a                                                                            
12_abcdefghijklmno                                                              
13_abcdefghijklmno                                                              
14_abcdefghijklmno                                                              
15_abcdefghijklmno                                                              
16_abcdefghijklmno                                                              
17_abcdefghijklmno                                                              
18_abcdefghijklmno                                                              
19_abcdefghijklmno                                                              
~                                                                               
~                                                                               
~                                                                               
~                                                                               
~                                                                               
~                                                                               
16;3
00_abcdefghijklmno                                                              
01_abcdefghijklmno                                                              
EMPTY                                                                           
03_abc                                                                          
04_abcdefghijklmno                                                              
05_abNEW                                                                        
TAIL                                                                            
07_abcdefghijklmno                                                              
08_a                                                                            
12_abcdefghijklmno                                                              
13_abcdefghijklmno                                                              
14_abcdefghijklmno                                                              
15_abcdefghijklmno                                                              
16_abcdefghijklmno                                                              
17_abcdefghijklmno                                                              
18_abcdefghijklmno                                                              
19_                                                                             
~                                                                               
~                                                                               
~                                                                               
~                                                                               
~                                                                               
~                                                                               
16;2
