00_abcdefghijklmnopQRSTUV                                                       
01_abcdefghijklmnopQRSTUV                                                       
02_abcdefghijklmnopQRSTUV                                                       
03_abcdefghijklmnopQRSTUV                                                       
04_abcdefghijklmnopQRSTUV                                                       
05_abcdefghijklmnopQRSTUV                                                       
06_abcdefghijklmnopQRSTUV                                                       
07_abcdefghijklmnopQRSTUV                                                       
08_abcdefghijklmnopQRSTUV                                                       
09_abcdefghijklmnopQRSTUV                                                       
10_abcdefghijklmnopQRSTUV                                                       
11_abcdefghijklmnopQRSTUV                                                       
12_abcdefghijklmnopQRSTUV                                                       
13_abcdefghijklmnopQRSTUV                                                       
14_abcdefghijklmnopQRSTUV                                                       
15_abcdefghijklmnopQRSTUV                                                       
16_abcdefghijklmnopQRSTUV                                                       
17_abcdefghijklmnopQRSTUV                                                       
18_abcdefghijklmnopQRSTUV                                                       
19_abcdefghijklmnopQRSTUV                                                       
~                                                                               
~                                                                               
~                                                                               
19;24
00_abcdefghijklmnopQRSTUV                                                       
01_abcdefghijklmnopQRSTUV                                                       
02_abcdefghijklmnopQRSTUV                                                       
03_abcdefghijklmnopQRSTUV                                                       
04_abcdefghijklmnopQRSTUV                                                       
05_abcdefghijklmnopQRSTUV                                                       
06_abcdefghijklmnopQRSTUV                                                       
07_abcdefghijklmnopQRSTUV                                                       
08_abcdefghijklmnopQRSTUV                                                       
09_abcdefghijklmnopQRSTUV                                                       
10_abcdefghijklmnopQRSTUV                                                       
11_abcdefghijklmnopQRSTUV                                                       
12_abcdefghijklmnopQRSTUV                                                       
13_abcdefghijklmnopQRSTUV                                                       
14_abcdefghijklmnopQRSTUV                                                       
15_abcdefghijklmnopQRSTUV                                                       
16_abcdefghijklmnopQRSTUV                                                       
17_abcdefghijklmnopQRSTUV                                                       
18_abcdefghijklmnopQRSTUV                                                       
19_abcdefghijklmnopQRSTUV                                                       
~                                                                               
~                                                                               
~                                                                               
0;9
00_abcdghijklmnopQRSTUV                                                         
01_abcdefghijklmnopQRSTUV                                                       
02_abcdefghijklmnopQRSTUV                                                       
03_abcdefghijklmnopQRSTUV                                                       
04_abcdefghijklmnopQRSTUV                                                       
05_abcdefghijklmnopQRSTUV                                                       
06_abcdefghijklmnopQRSTUV                                                       
07_abcdefghijklmnopQRSTUV                                                       
08_abcdefghijklmnopQRSTUV                                                       
09_abcdefghijklmnopQRSTUV                                                       
10_abcdefghijklmnopQRSTUV                                                       
11_abcdefghijklmnopQRSTUV                                                       
12_abcdefghijklmnopQRSTUV                                                       
13_abcdefghijklmnopQRSTUV                                                       
14_abcdefghijklmnopQRSTUV                                                       
15_abcdefghijklmnopQRSTUV                                                       
16_abcdefghijklmnopQRSTUV                                                       
17_abcdefghijklmnopQRSTUV                                                       
18_abcdefghijklmnopQRSTUV                                                       
19_abcdefghijklmnopQRSTUV                                                       
~                                                                               
~                                                                               
~                                                                               
0;7
00_abghijklmnopQRSTUV                                                           
01_abcdefghijklmnopQRSTUV                                                       
02_abcdefghijklmnopQRSTUV                                                       
03_abcdefghijklmnopQRSTUV                                                       
04_abcdefghijklmnopQRSTUV                                                       
05_abcdefghijklmnopQRSTUV                                                       
06_abcdefghijklmnopQRSTUV                                                       
07_abcdefghijklmnopQRSTUV                                                       
08_abcdefghijklmnopQRSTUV                                                       
09_abcdefghijklmnopQRSTUV                                                       
10_abcdefghijklmnopQRSTUV                                                       
11_abcdefghijklmnopQRSTUV                                                       
12_abcdefghijklmnopQRSTUV                                                       
13_abcdefghijklmnopQRSTUV                                                       
14_abcdefghijklmnopQRSTUV                                                       
15_abcdefghijklmnopQRSTUV                                                       
16_abcdefghijklmnopQRSTUV                                                       
17_abcdefghijklmnopQRSTUV                                                       
18_abcdefghijklmnopQRSTUV                                                       
19_abcdefghijklmnopQRSTUV                                                       
~                                                                               
~                                                                               
~                                                                               
0;5
00_abREPghijklmnopQRSTUV                                                        
01_abcdefghijklmnopQRSTUV                                                       
02_abcdefghijklmnopQRSTUV                                                       
03_abcdefghijklmnopQRSTUV                                                       
04_abcdefghijklmnopQRSTUV                                                       
05_abcdefghijklmnopQRSTUV                                                       
06_abcdefghijklmnopQRSTUV                                                       
07_abcdefghijklmnopQRSTUV                                                       
08_abcdefghijklmnopQRSTUV                                                       
09_abcdefghijklmnopQRSTUV                                                       
10_abcdefghijklmnopQRSTUV                                                       
11_abcdefghijklmnopQRSTUV                                                       
12_abcdefghijklmnopQRSTUV                                                       
13_abcdefghijklmnopQRSTUV                                                       
14_abcdefghijklmnopQRSTUV                                                       
15_abcdefghijklmnopQRSTUV                                                       
16_abcdefghijklmnopQRSTUV                                                       
17_abcdefghijklmnopQRSTUV                                                       
18_abcdefghijklmnopQRSTUV                                                       
19_abcdefghijklmnopQRSTUV                                                       
~                                                                               
~                                                                               
~                                                                               
0;7
00_abREPghijklmnopQRSTUV                                                        
01_abcdefghijklmnopQRSTUV                                                       
02_abcdefghijklmnopQRSTUV                                                       
03_abcdefghijklmnopQRSTUV                                                       
04_abcdefghijklmnopQRSTUV                                                       
05_abcdefghijklmnopQRSTUV                                                       
06_abcdefghijklmnopQRSTUV                                                       
07_abcdefghijklmnopQRSTUV                                                       
08_abcdefghijklmnopQRSTUV                                                       
09_abcdefghijklmnopQRSTUV                                                       
10_abcdefghijklmnopQRSTUV                                                       
11_abcdefghijklmnopQRSTUV                                                       
12_abcdefghijklmnopQRSTUV                                                       
13_abcdefghijklmnopQRSTUV                                                       
14_abcdefghijklmnopQRSTUV                                                       
15_abcdefghijklmnopQRSTUV                                                       
16_abcdefghijklmnopQRSTUV                                                       
17_abcdefghijklmnopQRSTUV                                                       
18_abcdefghijklmnopQRSTUV                                                       
19_abcdefghijklmnopQRSTUV                                                       
~                                                                               
~                                                                               
~                                                                               
1;0
00_abREPghijklmnopQRSTUV                                                        
01_abcdefghijklmnopQRSTUV                                                       
02_abcdefghijklmnopQRSTUV                                                       
03_abcdefghijklmnopQRSTUV                                                       
04_abcdefghijklmnopQRSTUV                                                       
05_abcdefghijklmnopQRSTUV                                                       
06_abcdefghijklmnopQRSTUV                                                       
07_abcdefghijklmnopQRSTUV                                                       
08_abcdefghijklmnopQRSTUV                                                       
09_abcdefghijklmnopQRSTUV                                                       
10_abcdefghijklmnopQRSTUV                                                       
11_abcdefghijklmnopQRSTUV                                                       
12_abcdefghijklmnopQRSTUV                                                       
13_abcdefghijklmnopQRSTUV                                                       
14_abcdefghijklmnopQRSTUV                                                       
15_abcdefghijklmnopQRSTUV                                                       
16_abcdefghijklmnopQRSTUV                                                       
17_abcdefghijklmnopQRSTUV                                                       
18_abcdefghijklmnopQRSTUV                                                       
19_abcdefghijklmnopQRSTUV                                                       
~                                                                               
~                                                                               
~                                                                               
1;0
00_abREPghijklmnopQRSTUV                                                        
HEAD01_abcdefghijklmnopQRSTUV                                                   
02_abcdefghijklmnopQRSTUV                                                       
03_abcdefghijklmnopQRSTUV                                                       
04_abcdefghijklmnopQRSTUV                                                       
05_abcdefghijklmnopQRSTUV                                                       
06_abcdefghijklmnopQRSTUV                                                       
07_abcdefghijklmnopQRSTUV                                                       
08_abcdefghijklmnopQRSTUV                                                       
09_abcdefghijklmnopQRSTUV                                                       
10_abcdefghijklmnopQRSTUV                                                       
11_abcdefghijklmnopQRSTUV                                                       
12_abcdefghijklmnopQRSTUV                                                       
13_abcdefghijklmnopQRSTUV                                                       
14_abcdefghijklmnopQRSTUV                                                       
15_abcdefghijklmnopQRSTUV                                                       
16_abcdefghijklmnopQRSTUV                                                       
17_abcdefghijklmnopQRSTUV                                                       
18_abcdefghijklmnopQRSTUV                                                       
19_abcdefghijklmnopQRSTUV                                                       
~                                                                               
~                                                                               
~                                                                               
1;3
00_abREPghijklmnopQRSTUV                                                        
HEAD01_abcdefghijklmnopQRSTUV                                                   
02_abcdefghijklmnopQRSTUV                                                       
3_abcdefghijklmnopQRSTUV                                                        
04_abcdefghijklmnopQRSTUV                                                       
05_abcdefghijklmnopQRSTUV                                                       
06_abcdefghijklmnopQRSTUV                                                       
07_abcdefghijklmnopQRSTUV                                                       
08_abcdefghijklmnopQRSTUV                                                       
09_abcdefghijklmnopQRSTUV                                                       
10_abcdefghijklmnopQRSTUV                                                       
11_abcdefghijklmnopQRSTUV                                                       
12_abcdefghijklmnopQRSTUV                                                       
13_abcdefghijklmnopQRSTUV                                                       
14_abcdefghijklmnopQRSTUV                                                       
15_abcdefghijklmnopQRSTUV                                                       
16_abcdefghijklmnopQRSTUV                                                       
17_abcdefghijklmnopQRSTUV                                                       
18_abcdefghijklmnopQRSTUV                                                       
19_abcdefghijklmnopQRSTUV                                                       
~                                                                               
~                                                                               
~                                                                               
3;0
00_abREPghijklmnopQRSTUV                                                        
HEAD01_abcdefghijklmnopQRSTUV                                                   
02_abcdefghijklmnopQRSTUV                                                       
3_abcdefghijklmnopQRSTUV                                                        
04fghijklmnopQRSTUV                                                             
05_abcdefghijklmnopQRSTUV                                                       
06_abcdefghijklmnopQRSTUV                                                       
07_abcdefghijklmnopQRSTUV                                                       
08_abcdefghijklmnopQRSTUV                                                       
09_abcdefghijklmnopQRSTUV                                                       
10_abcdefghijklmnopQRSTUV                                                       
11_abcdefghijklmnopQRSTUV                                                       
12_abcdefghijklmnopQRSTUV                                                       
13_abcdefghijklmnopQRSTUV                                                       
14_abcdefghijklmnopQRSTUV                                                       
15_abcdefghijklmnopQRSTUV                                                       
16_abcdefghijklmnopQRSTUV                                                       
17_abcdefghijklmnopQRSTUV                                                       
18_abcdefghijklmnopQRSTUV                                                       
19_abcdefghijklmnopQRSTUV                                                       
~                                                                               
~                                                                               
~                                                                               
4;2
00_abREPghijklmnopQRSTUV                                                        
HEAD01_abcdefghijklmnopQRSTUV                                                   
02_abcdefghijklmnopQRSTUV                                                       
3_abcdefghijklmnopQRSTUV                                                        
04fghijklmnopQRSTUV                                                             
05_abcdefghijklmnopQRSTUV                                                       
06_abcdefghijklmnopQRSTUV                                                       
07_abcdefghijklmnopQRSTUV                                                       
08_abcdefghijklmnopQRSTUV                                                       
09_abcdefghijklmnopQRSTUV                                                       
10_abcdefghijklmnopQRSTUV                                                       
11_abcdefghijklmnopQRSTUV                                                       
12_abcdefghijklmnopQRSTUV                                                       
13_abcdefghijklmnopQRSTUV                                                       
14_abcdefghijklmnopQRSTUV                                                       
15_abcdefghijklmnopQRSTUV                                                       
16_abcdefghijklmnopQRSTUV                                                       
17_abcdefghijklmnopQRSTUV                                                       
18_abcdefghijklmnopQRSTUV                                                       
19_abcdefghijklmnopQRSTUV                                                       
~                                                                               
~                                                                               
~                                                                               
5;0
00_abREPghijklmnopQRSTUV                                                        
HEAD01_abcdefghijklmnopQRSTUV                                                   
02_abcdefghijklmnopQRSTUV                                                       
3_abcdefghijklmnopQRSTUV                                                        
04fghijklmnopQRSTUV                                                             
Y05_abcdefghijklmnopQRSTUV                                                      
06_abcdefghijklmnopQRSTUV                                                       
07_abcdefghijklmnopQRSTUV                                                       
08_abcdefghijklmnopQRSTUV                                                       
09_abcdefghijklmnopQRSTUV                                                       
10_abcdefghijklmnopQRSTUV                                                       
11_abcdefghijklmnopQRSTUV                                                       
12_abcdefghijklmnopQRSTUV                                                       
13_abcdefghijklmnopQRSTUV                                                       
14_abcdefghijklmnopQRSTUV                                                       
15_abcdefghijklmnopQRSTUV                                                       
16_abcdefghijklmnopQRSTUV                                                       
17_abcdefghijklmnopQRSTUV                                                       
18_abcdefghijklmnopQRSTUV                                                       
19_abcdefghijklmnopQRSTUV                                                       
~                                                                               
~                                                                               
~                                                                               
5;0
