00_abcdefghijklmnopQRSTUV                                                       
01_abcdefghijklmnopQRSTUV                                                       
02_abcdefghijklmnopQRSTUV                                                       
03_abcdefghijklmnopQRSTUV                                                       
04_abcdefghijklmnopQRSTUV                                                       
05_abcdefghijklmnopQRSTUV                                                       
06_abcdefghijklmnopQRSTUV                                                       
07_abcdefghijklmnopQRSTUV                                                       
08_abcdefghijklmnopQRSTUV                                                       
09_abcdefghijklmnopQRSTUV                                                       
10_abcdefghijklmnopQRSTUV                                                       
11_abcdefghijklmnopQRSTUV                                                       
12_abcdefghijklmnopQRSTUV                                                       
13_abcdefghijklmnopQRSTUV                                                       
14_abcdefghijklmnopQRSTUV                                                       
15_abcdefghijklmnopQRSTUV                                                       
16_abcdefghijklmnopQRSTUV                                                       
17_abcdefghijklmnopQRSTUV                                                       
18_abcdefghijklmnopQRSTUV                                                       
19_abcdefghijklmnopQRSTUV                                                       
~                                                                               
~                                                                               
~                                                                               
19;24
00_abcdefghijklmnopQRSTUV                                                       
01_abcdefghijklmnopQRSTUV                                                       
02_abcdefghijklmnopQRSTUV                                                       
03_abcdefghijklmnopQRSTUV                                                       
04_abcdefghijklmnopQRSTUV                                                       
05_abcdefghijklmnopQRSTUV                                                       
06_abcdefghijklmnopQRSTUV                                                       
07_abcdefghijklmnopQRSTUV                                                       
08_abcdefghijklmnopQRSTUV                                                       
09_abcdefghijklmnopQRSTUV                                                       
10_abcdefghijklmnopQRSTUV                                                       
11_abcdefghijklmnopQRSTUV                                                       
12_abcdefghijklmnopQRSTUV                                                       
13_abcdefghijklmnopQRSTUV                                                       
14_abcdefghijklmnopQRSTUV                                                       
15_abcdefghijklmnopQRSTUV                                                       
16_abcdefghijklmnopQRSTUV                                                       
17_abcdefghijklmnopQRSTUV                                                       
18_abcdefghijklmnopQRSTUV                                                       
19_abcdefghijklmnopQRSTUV                                                       
~                                                                               
~                                                                               
~                                                                               
10;0
00_abcdefghijklmnopQRSTUV                                                       
01_abcdefghijklmnopQRSTUV                                                       
02_abcdefghijklmnopQRSTUV                                                       
03_abcdefghijklmnopQRSTUV                                                       
04_abcdefghijklmnopQRSTUV                                                       
05_abcdefghijklmnopQRSTUV                                                       
06_abcdefghijklmnopQRSTUV                                                       
07_abcdefghijklmnopQRSTUV                                                       
11_abcdefghijklmnopQRSTUV                                                       
12_abcdefghijklmnopQRSTUV                                                       
13_abcdefghijklmnopQRSTUV                                                       
14_abcdefghijklmnopQRSTUV                                                       
15_abcdefghijklmnopQRSTUV                                                       
16_abcdefghijklmnopQRSTUV                                                       
17_abcdefghijklmnopQRSTUV                                                       
18_abcdefghijklmnopQRSTUV                                                       
19_abcdefghijklmnopQRSTUV                                                       
~                                                                               
~                                                                               
~                                                                               
~                                                                               
~                                                                               
~                                                                               
8;0
00_abcdefghijklmnopQRSTUV                                                       
01_abcdefghijklmnopQRSTUV                                                       
02_abcdefghijklmnopQRSTUV                                                       
03_abcdefghijklmnopQRSTUV                                                       
04_abcdefghijklmnopQRSTUV                                                       
05_abcdefghijklmnopQRSTUV                                                       
                                                                                
12_abcdefghijklmnopQRSTUV                                                       
13_abcdefghijklmnopQRSTUV                                                       
14_abcdefghijklmnopQRSTUV                                                       
15_abcdefghijklmnopQRSTUV                                                       
16_abcdefghijklmnopQRSTUV                                                       
17_abcdefghijklmnopQRSTUV                                                       
18_abcdefghijklmnopQRSTUV                                                       
19_abcdefghijklmnopQRSTUV                                                       
~                                                                               
~                                                                               
~                                                                               
~                                                                               
~                                                                               
~                                                                               
~                                                                               
~                                                                               
6;0
00_abcdefghijklmnopQRSTUV                                                       
01_abcdefghijklmnopQRSTUV                                                       
02_abcdefghijklmnopQRSTUV                                                       
03_abcdefghijklmnopQRSTUV                                                       
04_abcdefghijklmnopQRSTUV                                                       
05_abcdefghijklmnopQRSTUV                                                       
UPPER                                                                           
12_abcdefghijklmnopQRSTUV                                                       
13_abcdefghijklmnopQRSTUV                                                       
14_abcdefghijklmnopQRSTUV                                                       
15_abcdefghijklmnopQRSTUV                                                       
16_abcdefghijklmnopQRSTUV                                                       
17_abcdefghijklmnopQRSTUV                                                       
18_abcdefghijklmnopQRSTUV                                                       
19_abcdefghijklmnopQRSTUV                                                       
~                                                                               
~                                                                               
~                                                                               
~                                                                               
~                                                                               
~                                                                               
~                                                                               
~                                                                               
6;4
00_abcdefghijklmnopQRSTUV                                                       
01_abcdefghijklmnopQRSTUV                                                       
02_abcdefghijklmnopQRSTUV                                                       
03_abcdefghijklmnopQRSTUV                                                       
04_abcdefghijklmnopQRSTUV                                                       
05_abcdefghijklmnopQRSTUV                                                       
UPPER                                                                           
12_abcdefghijklmnopQRSTUV                                                       
13_abcdefghijklmnopQRSTUV                                                       
14_abcdefghijklmnopQRSTUV                                                       
15_abcdefghijklmnopQRSTUV                                                       
16_abcdefghijklmnopQRSTUV                                                       
17_abcdefghijklmnopQRSTUV                                                       
18_abcdefghijklmnopQRSTUV                                                       
19_abcdefghijklmnopQRSTUV                                                       
~                                                                               
~                                                                               
~                                                                               
~                                                                               
~                                                                               
~                                                                               
~                                                                               
~                                                                               
0;0
00_abcdefghijklmnopQRSTUV                                                       
01_abcdefghijklmnopQRSTUV                                                       
02_abcdefghijklmnopQRSTUV                                                       
03_abcdefghijklmnopQRSTUV                                                       
04_abcdefghijklmnopQRSTUV                                                       
05_abcdefghijklmnopQRSTUV                                                       
UPPER                                                                           
12_abcdefghijklmnopQRSTUV                                                       
13_abcdefghijklmnopQRSTUV                                                       
14_abcdefghijklmnopQRSTUV                                                       
15_abcdefghijklmnopQRSTUV                                                       
16_abcdefghijklmnopQRSTUV                                                       
17_abcdefghijklmnopQRSTUV                                                       
18_abcdefghijklmnopQRSTUV                                                       
19_abcdefghijklmnopQRSTUV                                                       
~                                                                               
~                                                                               
~                                                                               
~                                                                               
~                                                                               
~                                                                               
~                                                                               
~                                                                               
0;0
00_abcdefghijklmnopQRSTUV                                                       
01_abcdefghijklmnopQRSTUV                                                       
02_abcdefghijklmnopQRSTUV                                                       
03_abcdefghijklmnopQRSTUV                                                       
14_abcdefghijklmnopQRSTUV                                                       
15_abcdefghijklmnopQRSTUV                                                       
16_abcdefghijklmnopQRSTUV                                                       
17_abcdefghijklmnopQRSTUV                                                       
18_abcdefghijklmnopQRSTUV                                                       
19_abcdefghijklmnopQRSTUV                                                       
~                                                                               
~                                                                               
~                                                                               
~                                                                               
~                                                                               
~                                                                               
~                                                                               
~                                                                               
~                                                                               
~                                                                               
~                                                                               
~                                                                               
~                                                                               
4;0
00_abcdefghijklmnopQRSTUV                                                       
01_abcdefghijklmnopQRSTUV                                                       
02_abcdefghijklmnopQRSTUV                                                       
03_abcdefghijklmnopQRSTUV                                                       
14_abcdefghijklmnopQRSTUV                                                       
15_abcdefghijklmnopQRSTUV                                                       
16_abcdefghijklmnopQRSTUV                                                       
17_abcdefghijklmnopQRSTUV                                                       
18_abcdefghijklmnopQRSTUV                                                       
19_abcdefghijklmnopQRSTUV                                                       
~                                                                               
~                                                                               
~                                                                               
~                                                                               
~                                                                               
~                                                                               
~                                                                               
~                                                                               
~                                                                               
~                                                                               
~                                                                               
~                                                                               
~                                                                               
0;0
                                                                                
~                                                                               
~                                                                               
~                                                                               
~                                                                               
~                                                                               
~                                                                               
~                                                                               
~                                                                               
~                                                                               
~                                                                               
~                                                                               
~                                                                               
~                                                                               
~                                                                               
~                                                                               
~                                                                               
~                                                                               
~                                                                               
~                                                                               
~                                                                               
~                                                                               
~                                                                               
0;0
RESTORED                                                                        
~                                                                               
~                                                                               
~                                                                               
~                                                                               
~                                                                               
~                                                                               
~                                                                               
~                                                                               
~                                                                               
~                                                                               
~                                                                               
~                                                                               
~                                                                               
~                                                                               
~                                                                               
~                                                                               
~                                                                               
~                                                                               
~                                                                               
~                                                                               
~                                                                               
~                                                                               
0;7
