00_alpha beta gamma                                                             
01_alpha beta gamma                                                             
02_alpha beta gamma                                                             
03_alpha beta gamma                                                             
04_alpha beta gamma                                                             
05_alpha beta gamma                                                             
06_alpha beta gamma                                                             
07_alpha beta gamma                                                             
08_alpha beta gamma                                                             
09_alpha beta gamma                                                             
10_alpha beta gamma                                                             
11_alpha beta gamma                                                             
12_alpha beta gamma                                                             
13_alpha beta gamma                                                             
14_alpha beta gamma                                                             
15_alpha beta gamma                                                             
16_alpha beta gamma                                                             
17_alpha beta gamma                                                             
18_alpha beta gamma                                                             
19_alpha beta gamma                                                             
~                                                                               
~                                                                               
~                                                                               
19;18
00_alpha beta gamma                                                             
01_alpha beta gamma                                                             
02_alpha beta gamma                                                             
03_alpha beta gamma                                                             
04_alpha beta gamma                                                             
05_alpha beta gamma                                                             
06_alpha beta gamma                                                             
07_alpha beta gamma                                                             
08_alpha beta gamma                                                             
09_alpha beta gamma                                                             
10_alpha beta gamma                                                             
11_alpha beta gamma                                                             
12_alpha beta gamma                                                             
13_alpha beta gamma                                                             
14_alpha beta gamma                                                             
15_alpha beta gamma                                                             
16_alpha beta gamma                                                             
17_alpha beta gamma                                                             
18_alpha beta gamma                                                             
19_alpha beta gamma                                                             
~                                                                               
~                                                                               
~                                                                               
1;14
00_alpha beta gamma                                                             
gamma                                                                           
02_alpha beta gamma                                                             
03_alpha beta gamma                                                             
04_alpha beta gamma                                                             
05_alpha beta gamma                                                             
06_alpha beta gamma                                                             
07_alpha beta gamma                                                             
08_alpha beta gamma                                                             
09_alpha beta gamma                                                             
10_alpha beta gamma                                                             
11_alpha beta gamma                                                             
12_alpha beta gamma                                                             
13_alpha beta gamma                                                             
14_alpha beta gamma                                                             
15_alpha beta gamma                                                             
16_alpha beta gamma                                                             
17_alpha beta gamma                                                             
18_alpha beta gamma                                                             
19_alpha beta gamma                                                             
~                                                                               
~                                                                               
~                                                                               
1;0
00_alpha beta gamma                                                             
gamma                                                                           
02_alpha beta gamma                                                             
03_alpha amma                                                                   
04_alpha beta gamma                                                             
05_alpha beta gamma                                                             
06_alpha beta gamma                                                             
07_alpha beta gamma                                                             
08_alpha beta gamma                                                             
09_alpha beta gamma                                                             
10_alpha beta gamma                                                             
11_alpha beta gamma                                                             
12_alpha beta gamma                                                             
13_alpha beta gamma                                                             
14_alpha beta gamma                                                             
15_alpha beta gamma                                                             
16_alpha beta gamma                                                             
17_alpha beta gamma                                                             
18_alpha beta gamma                                                             
19_alpha beta gamma                                                             
~                                                                               
~                                                                               
~                                                                               
3;9
00_alpha beta gamma                                                             
gamma                                                                           
02_alpha beta gamma                                                             
03_alpha BACKamma                                                               
04_alpha beta gamma                                                             
05_alpha beta gamma                                                             
06_alpha beta gamma                                                             
07_alpha beta gamma                                                             
08_alpha beta gamma                                                             
09_alpha beta gamma                                                             
10_alpha beta gamma                                                             
11_alpha beta gamma                                                             
12_alpha beta gamma                                                             
13_alpha beta gamma                                                             
14_alpha beta gamma                                                             
15_alpha beta gamma                                                             
16_alpha beta gamma                                                             
17_alpha beta gamma                                                             
18_alpha beta gamma                                                             
19_alpha beta gamma                                                             
~                                                                               
~                                                                               
~                                                                               
3;12
00_alpha beta gamma                                                             
gamma                                                                           
02_alpha beta gamma                                                             
03_alpha BACKamma                                                               
04_alpha beta gamma                                                             
05_alpha beta alpha beta gamma                                                  
07_alpha beta gamma                                                             
08_alpha beta gamma                                                             
09_alpha beta gamma                                                             
10_alpha beta gamma                                                             
11_alpha beta gamma                                                             
12_alpha beta gamma                                                             
13_alpha beta gamma                                                             
14_alpha beta gamma                                                             
15_alpha beta gamma                                                             
16_alpha beta gamma                                                             
17_alpha beta gamma                                                             
18_alpha beta gamma                                                             
19_alpha beta gamma                                                             
~                                                                               
~                                                                               
~                                                                               
~                                                                               
5;14
00_alpha beta gamma                                                             
gamma                                                                           
02_alpha beta gamma                                                             
03_alpha BACKamma                                                               
04_alpha beta gamma                                                             
05_alpha beta alpha beta gamma                                                  
07_alpha beta gamma                                                             
08_alpha beta gamma                                                             
09_alpha beta gamma                                                             
10_alpha beta gamma                                                             
11_alpha beta gamma                                                             
12_alpha beta gamma                                                             
13_alpha beta gamma                                                             
14_alpha beta gamma                                                             
15_alpha beta gamma                                                             
16_alpha beta gamma                                                             
17_alpha beta gamma                                                             
18_alpha beta gamma                                                             
19_alpha beta gamma                                                             
~                                                                               
~                                                                               
~                                                                               
~                                                                               
7;9
00_alpha beta gamma                                                             
gamma                                                                           
02_alpha beta gamma                                                             
03_alpha BACKamma                                                               
04_alpha beta gamma                                                             
05_alpha beta alpha beta gamma                                                  
07_alpha beta gamma                                                             
08_alpha beta gamma                                                             
09_alpha beta gamma                                                             
10_alpha beta gamma                                                             
11_alpha beta gamma                                                             
12_alpha beta gamma                                                             
13_alpha beta gamma                                                             
14_alpha beta gamma                                                             
15_alpha beta gamma                                                             
16_alpha beta gamma                                                             
17_alpha beta gamma                                                             
18_alpha beta gamma                                                             
19_alpha beta gamma                                                             
~                                                                               
~                                                                               
~                                                                               
~                                                                               
0;0
00_alpha beta gamma                                                             
gamma                                                                           
02_alpha beta gamma                                                             
03_alpha BACKamma                                                               
04_alpha beta gamma                                                             
05_alpha beta alpha beta gamma                                                  
07_alpha beta gamma                                                             
08_alpha beta gamma                                                             
09_alpha beta gamma                                                             
10_alpha beta gamma                                                             
11_alpha beta gamma                                                             
12_alpha beta gamma                                                             
13_alpha beta gamma                                                             
14_alpha beta gamma                                                             
15_alpha beta gamma                                                             
16_alpha beta gamma                                                             
17_alpha beta gamma                                                             
18_alpha beta gamma                                                             
19_alpha beta gamma                                                             
~                                                                               
~                                                                               
~                                                                               
~                                                                               
0;0
START00_alpha beta gamma                                                        
gamma                                                                           
02_alpha beta gamma                                                             
03_alpha BACKamma                                                               
04_alpha beta gamma                                                             
05_alpha beta alpha beta gamma                                                  
07_alpha beta gamma                                                             
08_alpha beta gamma                                                             
09_alpha beta gamma                                                             
10_alpha beta gamma                                                             
11_alpha beta gamma                                                             
12_alpha beta gamma                                                             
13_alpha beta gamma                                                             
14_alpha beta gamma                                                             
15_alpha beta gamma                                                             
16_alpha beta gamma                                                             
17_alpha beta gamma                                                             
18_alpha beta gamma                                                             
19_alpha beta gamma                                                             
~                                                                               
~                                                                               
~                                                                               
~                                                                               
0;4
START00_alpha beta gamma                                                        
gamma                                                                           
02_alpha beta gamma                                                             
03_alpha BACKamma                                                               
04_alpha beta gamma                                                             
05_alpha beta alpha beta gamma                                                  
07_alpha beta gamma                                                             
08_alpha beta gamma                                                             
09_alpha beta gamma                                                             
10_alpha beta gamma                                                             
11_alpha beta gamma                                                             
12_alpha beta gamma                                                             
13_alpha beta gamma                                                             
14_alpha beta gamma                                                             
15_alpha beta gamma                                                             
16_alpha beta gamma                                                             
17_alpha beta gamma                                                             
18_alpha beta gamma                                                             
19_alpha beta gamma                                                             
~                                                                               
~                                                                               
~                                                                               
~                                                                               
0;0
lpha BACKamma                                                                   
04_alpha beta gamma                                                             
05_alpha beta alpha beta gamma                                                  
07_alpha beta gamma                                                             
08_alpha beta gamma                                                             
09_alpha beta gamma                                                             
10_alpha beta gamma                                                             
11_alpha beta gamma                                                             
12_alpha beta gamma                                                             
13_alpha beta gamma                                                             
14_alpha beta gamma                                                             
15_alpha beta gamma                                                             
16_alpha beta gamma                                                             
17_alpha beta gamma                                                             
18_alpha beta gamma                                                             
19_alpha beta gamma                                                             
~                                                                               
~                                                                               
~                                                                               
~                                                                               
~                                                                               
~                                                                               
~                                                                               
0;0
