00_alpha += beta; gamma                                                         
01_alpha += beta; gamma                                                         
02_alpha += beta; gamma                                                         
03_alpha += beta; gamma                                                         
04_alpha += beta; gamma                                                         
05_alpha += beta; gamma                                                         
06_alpha += beta; gamma                                                         
07_alpha += beta; gamma                                                         
08_alpha += beta; gamma                                                         
09_alpha += beta; gamma                                                         
10_alpha += beta; gamma                                                         
11_alpha += beta; gamma                                                         
12_alpha += beta; gamma                                                         
13_alpha += beta; gamma                                                         
14_alpha += beta; gamma                                                         
15_alpha += beta; gamma                                                         
16_alpha += beta; gamma                                                         
17_alpha += beta; gamma                                                         
18_alpha += beta; gamma                                                         
19_alpha += beta; gamma                                                         
~                                                                               
~                                                                               
~                                                                               
19;22
00_alpha += beta; gamma                                                         
01_alpha += beta; gamma                                                         
02_alpha += beta; gamma                                                         
03_alpha += beta; gamma                                                         
04_alpha += beta; gamma                                                         
05_alpha += beta; gamma                                                         
06_alpha += beta; gamma                                                         
07_alpha += beta; gamma                                                         
08_alpha += beta; gamma                                                         
09_alpha += beta; gamma                                                         
10_alpha += beta; gamma                                                         
11_alpha += beta; gamma                                                         
12_alpha += beta; gamma                                                         
13_alpha += beta; gamma                                                         
14_alpha += beta; gamma                                                         
15_alpha += beta; gamma                                                         
16_alpha += beta; gamma                                                         
17_alpha += beta; gamma                                                         
18_alpha += beta; gamma                                                         
19_alpha += beta; gamma                                                         
~                                                                               
~                                                                               
~                                                                               
0;0
 beta; gamma                                                                    
01_alpha += beta; gamma                                                         
02_alpha += beta; gamma                                                         
03_alpha += beta; gamma                                                         
04_alpha += beta; gamma                                                         
05_alpha += beta; gamma                                                         
06_alpha += beta; gamma                                                         
07_alpha += beta; gamma                                                         
08_alpha += beta; gamma                                                         
09_alpha += beta; gamma                                                         
10_alpha += beta; gamma                                                         
11_alpha += beta; gamma                                                         
12_alpha += beta; gamma                                                         
13_alpha += beta; gamma                                                         
14_alpha += beta; gamma                                                         
15_alpha += beta; gamma                                                         
16_alpha += beta; gamma                                                         
17_alpha += beta; gamma                                                         
18_alpha += beta; gamma                                                         
19_alpha += beta; gamma                                                         
~                                                                               
~                                                                               
~                                                                               
0;0
 beta; gamma                                                                    
01_alpha += beta; gamma                                                         
02_ beta; gamma                                                                 
03_alpha += beta; gamma                                                         
04_alpha += beta; gamma                                                         
05_alpha += beta; gamma                                                         
06_alpha += beta; gamma                                                         
07_alpha += beta; gamma                                                         
08_alpha += beta; gamma                                                         
09_alpha += beta; gamma                                                         
10_alpha += beta; gamma                                                         
11_alpha += beta; gamma                                                         
12_alpha += beta; gamma                                                         
13_alpha += beta; gamma                                                         
14_alpha += beta; gamma                                                         
15_alpha += beta; gamma                                                         
16_alpha += beta; gamma                                                         
17_alpha += beta; gamma                                                         
18_alpha += beta; gamma                                                         
19_alpha += beta; gamma                                                         
~                                                                               
~                                                                               
~                                                                               
2;3
 beta; gamma                                                                    
01_alpha += beta; gamma                                                         
02_INCLUSIVE beta; gamma                                                        
03_alpha += beta; gamma                                                         
04_alpha += beta; gamma                                                         
05_alpha += beta; gamma                                                         
06_alpha += beta; gamma                                                         
07_alpha += beta; gamma                                                         
08_alpha += beta; gamma                                                         
09_alpha += beta; gamma                                                         
10_alpha += beta; gamma                                                         
11_alpha += beta; gamma                                                         
12_alpha += beta; gamma                                                         
13_alpha += beta; gamma                                                         
14_alpha += beta; gamma                                                         
15_alpha += beta; gamma                                                         
16_alpha += beta; gamma                                                         
17_alpha += beta; gamma                                                         
18_alpha += beta; gamma                                                         
19_alpha += beta; gamma                                                         
~                                                                               
~                                                                               
~                                                                               
2;11
 beta; gamma                                                                    
01_alpha += beta; gamma                                                         
02_INCLUSIVE beta; gamma                                                        
03_alpha += beta; gamma                                                         
04_alpha += beta;  += beta; gamma                                               
06_alpha += beta; gamma                                                         
07_alpha += beta; gamma                                                         
08_alpha += beta; gamma                                                         
09_alpha += beta; gamma                                                         
10_alpha += beta; gamma                                                         
11_alpha += beta; gamma                                                         
12_alpha += beta; gamma                                                         
13_alpha += beta; gamma                                                         
14_alpha += beta; gamma                                                         
15_alpha += beta; gamma                                                         
16_alpha += beta; gamma                                                         
17_alpha += beta; gamma                                                         
18_alpha += beta; gamma                                                         
19_alpha += beta; gamma                                                         
~                                                                               
~                                                                               
~                                                                               
~                                                                               
4;18
 beta; gamma                                                                    
01_alpha += beta; gamma                                                         
02_INCLUSIVE beta; gamma                                                        
03_alpha += beta; gamma                                                         
04_alpha += beta;  += beta; gamma                                               
06_alpha += beta; gamma                                                         
07_alpha += beta; gamma                                                         
08_alpha += beta; gamma                                                         
09_alpha += beta; gamma                                                         
10_alpha += beta; gamma                                                         
11_alpha += beta; gamma                                                         
12_alpha += beta; gamma                                                         
13_alpha += beta; gamma                                                         
14_alpha += beta; gamma                                                         
15_alpha += beta; gamma                                                         
16_alpha += beta; gamma                                                         
17_alpha += beta; gamma                                                         
18_alpha += beta; gamma                                                         
19_alpha += beta; gamma                                                         
~                                                                               
~                                                                               
~                                                                               
~                                                                               
6;0
 beta; gamma                                                                    
01_alpha += beta; gamma                                                         
02_INCLUSIVE beta; gamma                                                        
03_alpha += beta; gamma                                                         
04_alpha += beta;  += beta; gamma                                               
06_alpha += beta; gamma                                                         
07_alpha += beta; gamma                                                         
08_alpha += beta; gamma                                                         
 gamma                                                                          
10_alpha += beta; gamma                                                         
11_alpha += beta; gamma                                                         
12_alpha += beta; gamma                                                         
13_alpha += beta; gamma                                                         
14_alpha += beta; gamma                                                         
15_alpha += beta; gamma                                                         
16_alpha += beta; gamma                                                         
17_alpha += beta; gamma                                                         
18_alpha += beta; gamma                                                         
19_alpha += beta; gamma                                                         
~                                                                               
~                                                                               
~                                                                               
~                                                                               
8;0
 beta; gamma                                                                    
01_alpha += beta; gamma                                                         
02_INCLUSIVE beta; gamma                                                        
03_alpha += beta; gamma                                                         
04_alpha += beta;  += beta; gamma                                               
06_alpha += beta; gamma                                                         
07_alpha += beta; gamma                                                         
08_alpha += beta; gamma                                                         
 gamma                                                                          
10_alpha += beta; gamma                                                         
11_alpha += beta; gamma                                                         
12_alpha += beta; gamma                                                         
13_alpha += beta; gamma                                                         
14_alpha += beta; gamma                                                         
15_alpha += beta; gamma                                                         
16_alpha += beta; gamma                                                         
17_alpha += beta; gamma                                                         
18_alpha += beta; gamma                                                         
19_alpha += beta; gamm                                                          
~                                                                               
~                                                                               
~                                                                               
~                                                                               
18;21
 beta; gamma                                                                    
01_alpha += beta; gamma                                                         
02_INCLUSIVE beta; gamma                                                        
03_alpha += beta; gamma                                                         
04_alpha += beta;  += beta; gamma                                               
06_alpha += beta; gamma                                                         
07_alpha += beta; gamma                                                         
08_alpha += beta; gamma                                                         
 gamma                                                                          
10_alpha += beta; gamma                                                         
11_alpha += beta; gamma                                                         
12_alpha += beta; gamma                                                         
13_alpha += beta; gamma                                                         
14_alpha += beta; gamma                                                         
15_alpha += beta; gamma                                                         
16_alpha += beta; gamma                                                         
17_alpha += beta; gamma                                                         
18_alpha += beta; gamma                                                         
19_alpha += beta; gam                                                           
~                                                                               
~                                                                               
~                                                                               
~                                                                               
18;21
 beta; gamma                                                                    
01_alpha += beta; gamma                                                         
02_INCLUSIVE beta; gamma                                                        
03_alpha += beta; gamma                                                         
04_alpha += beta;  += beta; gamma                                               
06_alpha += beta; gamma                                                         
07_alpha += beta; gamma                                                         
08_alpha += beta; gamma                                                         
 gamma                                                                          
10_alpha += beta; gamma                                                         
11_alpha += beta; gamma                                                         
12_alpha += beta; gamma                                                         
13_alpha += beta; gamma                                                         
14_alpha += beta; gamma                                                         
15_alpha += beta; gamma                                                         
16_alpha += beta; gamma                                                         
17_alpha += beta; gamma                                                         
18_alpha += beta; gamma                                                         
19_alpha += beta; gamLAST                                                       
~                                                                               
~                                                                               
~                                                                               
~                                                                               
18;24
 beta; gamma                                                                    
01_alpha += beta; gamma                                                         
02_INCLUSIVE beta; gamma                                                        
03_alpha += beta; gamma                                                         
04_alpha += beta;  += beta; gamma                                               
06_alpha += beta; gamma                                                         
07_alpha += beta; gamma                                                         
08_alpha += beta; gamma                                                         
 gamma                                                                          
10_alpha += beta; gamma                                                         
11_alpha += beta; gamma                                                         
12_alpha += beta; gamma                                                         
13_alpha += beta; gamma                                                         
14_alpha += beta; gamma                                                         
15_alpha += beta; gamma                                                         
16_alpha += beta; gamma                                                         
17_alpha += beta; gamma                                                         
18_alpha += beta; gamma                                                         
19_alpha += beta; gamLAST                                                       
~                                                                               
~                                                                               
~                                                                               
~                                                                               
0;0
