00_abcdef                                                                       
01_abcdef                                                                       
02_abcdef                                                                       
03_abcdef                                                                       
04_abcdef                                                                       
05_abcdef                                                                       
06_abcdef                                                                       
07_abcdef                                                                       
08_abcdef                                                                       
09_abcdef                                                                       
10_abcdef                                                                       
11_abcdef                                                                       
12_abcdef                                                                       
13_abcdef                                                                       
14_abcdef                                                                       
15_abcdef                                                                       
16_abcdef                                                                       
17_abcdef                                                                       
18_abcdef                                                                       
19_abcdef                                                                       
~                                                                               
~                                                                               
~                                                                               
19;8
00_abcdef                                                                       
01_abcdef                                                                       
02_abcdef                                                                       
03_abcdef                                                                       
04_abcdef                                                                       
05_abcdef                                                                       
06_abcdef                                                                       
07_abcdef                                                                       
08_abcdef                                                                       
09_abcdef                                                                       
10_abcdef                                                                       
11_abcdef                                                                       
12_abcdef                                                                       
13_abcdef                                                                       
14_abcdef                                                                       
15_abcdef                                                                       
16_abcdef                                                                       
17_abcdef                                                                       
18_abcdef                                                                       
19_abcdef                                                                       
~                                                                               
~                                                                               
~                                                                               
0;0
00_abcdef                                                                       
01_abcdef                                                                       
02_abcdef                                                                       
03_abcdef                                                                       
04_abcdef                                                                       
05_abcdef                                                                       
06_abcdef                                                                       
07_abcdef                                                                       
08_abcdef                                                                       
09_abcdef                                                                       
10_abcdef                                                                       
11_abcdef                                                                       
12_abcdef                                                                       
13_abcdef                                                                       
14_abcdef                                                                       
15_abcdef                                                                       
16_abcdef                                                                       
17_abcdef                                                                       
18_abcdef                                                                       
19_abcdef                                                                       
~                                                                               
~                                                                               
~                                                                               
0;0
00_abcdef                                                                       
01_abcdef                                                                       
02_abcdef                                                                       
03_abcdef                                                                       
04_abcdef                                                                       
05_abcdef                                                                       
06_abcdef                                                                       
07_abcdef                                                                       
08_abcdef                                                                       
09_abcdef                                                                       
10_abcdef                                                                       
11_abcdef                                                                       
12_abcdef                                                                       
13_abcdef                                                                       
14_abcdef                                                                       
15_abcdef                                                                       
16_abcdef                                                                       
17_abcdef                                                                       
18__ab_ababcdef                                                                 
19_abcdef                                                                       
~                                                                               
~                                                                               
~                                                                               
18;8
00_abcdef                                                                       
01_abcdef                                                                       
02_abcdef                                                                       
03_abcdef                                                                       
04_abcdef                                                                       
05_abcdef                                                                       
06_abcdef                                                                       
07_abcdef                                                                       
08_abcdef                                                                       
09_abcdef                                                                       
10_abcdef                                                                       
11_abcdef                                                                       
12_abcdef                                                                       
13_abcdef                                                                       
14_abcdef                                                                       
15_abcdef                                                                       
16_abcdef                                                                       
17_abcdef                                                                       
18__ab_a_abbabcdef                                                              
19_abcdef                                                                       
~                                                                               
~                                                                               
~                                                                               
18;10
00_abcdef                                                                       
01_abcdef                                                                       
02bcdef                                                                         
03_abcdef                                                                       
04_abcdef                                                                       
05_abcdef                                                                       
06_abcdef                                                                       
07_abcdef                                                                       
08_abcdef                                                                       
09_abcdef                                                                       
10_abcdef                                                                       
11_abcdef                                                                       
12_abcdef                                                                       
13_abcdef                                                                       
14_abcdef                                                                       
15_abcdef                                                                       
16_abcdef                                                                       
17_abcdef                                                                       
18__ab_a_abbabcdef                                                              
19__aabcdef                                                                     
~                                                                               
~                                                                               
~                                                                               
19;4
00_abcdef                                                                       
01_abcdef                                                                       
02bcdef                                                                         
03bcdef                                                                         
04_abcdef                                                                       
05_abcdef                                                                       
06_abcdef                                                                       
07_abcdef                                                                       
08_abcdef                                                                       
09_abcdef                                                                       
10_abcdef                                                                       
11_abcdef                                                                       
12_abcdef                                                                       
13_abcdef                                                                       
14_abcdef                                                                       
15_abcdef                                                                       
16_abcdef                                                                       
17_abcdef                                                                       
_a18__ab_a_abbabcdef                                                            
19__aabcdef                                                                     
~                                                                               
~                                                                               
~                                                                               
18;1
00_abcdef                                                                       
01_abcdef                                                                       
02bcdef                                                                         
03bcdef                                                                         
04_                                                                             
05_abcdef                                                                       
06_abcdef                                                                       
07_abcdef                                                                       
08_abcdef                                                                       
09_abcdef                                                                       
10_abcdef                                                                       
11_abcdef                                                                       
12_abcdef                                                                       
13_abcdef                                                                       
14_abcdef                                                                       
15_abcdef                                                                       
16_abcdef                                                                       
1abcdef7_abcdef                                                                 
_a18__ab_a_abbabcdef                                                            
19__aabcdef                                                                     
~                                                                               
~                                                                               
~                                                                               
17;6
00_abcdef                                                                       
01_abcdef                                                                       
02bcdef                                                                         
03bcdef                                                                         
04_                                                                             
05CC                                                                            
06_abcdef                                                                       
07_abcdef                                                                       
08_abcdef                                                                       
09_abcdef                                                                       
10_abcdef                                                                       
11_abcdef                                                                       
12_abcdef                                                                       
13_abcdef                                                                       
14_abcdef                                                                       
15_abcdef                                                                       
_abcdef16_abcdef                                                                
1abcdef7_abcdef                                                                 
_a18__ab_a_abbabcdef                                                            
19__aabcdef                                                                     
~                                                                               
~                                                                               
~                                                                               
16;6
00_abcdef                                                                       
01_abcdef                                                                       
02bcdef                                                                         
03bcdef                                                                         
04_                                                                             
05CC                                                                            
06_cdef                                                                         
07_abcdef                                                                       
08_abcdef                                                                       
09_abcdef                                                                       
10_abcdef                                                                       
11_abcdef                                                                       
12_abcdef                                                                       
13_abcdef                                                                       
14_abcdef                                                                       
1ab5_abcdef                                                                     
_abcdef16_abcdef                                                                
1abcdef7_abcdef                                                                 
_a18__ab_a_abbabcdef                                                            
19__aabcdef                                                                     
~                                                                               
~                                                                               
~                                                                               
15;2
00_abcdef                                                                       
01_abcdef                                                                       
02bcdef                                                                         
03bcdef                                                                         
04_                                                                             
05CC                                                                            
06_cdef                                                                         
07NEWbcdef                                                                      
08_abcdef                                                                       
09_abcdef                                                                       
10_abcdef                                                                       
11_abcdef                                                                       
12_abcdef                                                                       
13_abcdef                                                                       
_a14_abcdef                                                                     
1ab5_abcdef                                                                     
_abcdef16_abcdef                                                                
1abcdef7_abcdef                                                                 
_a18__ab_a_abbabcdef                                                            
19__aabcdef                                                                     
~                                                                               
~                                                                               
~                                                                               
14;1
00_abcdef                                                                       
01_abcdef                                                                       
02bcdef                                                                         
03bcdef                                                                         
04_                                                                             
05CC                                                                            
06_cdef                                                                         
07NEWbcdef                                                                      
08_abcdef                                                                       
09_abcdef                                                                       
10_abcdef                                                                       
11_abcdef                                                                       
12_abcdef                                                                       
_a_a_a13_abcdef                                                                 
_a14_abcdef                                                                     
1ab5_abcdef                                                                     
_abcdef16_abcdef                                                                
1abcdef7_abcdef                                                                 
_a18__ab_a_abbabcdef                                                            
19__aabcdef                                                                     
~                                                                               
~                                                                               
~                                                                               
13;5
