00_abcdef                                                                       
01_abcdef                                                                       
02_abcdef                                                                       
                                                                                
04_abcdef                                                                       
05_abcdef                                                                       
06_abcdef                                                                       
07_abcdef                                                                       
08_abcdef                                                                       
09_abcdef                                                                       
10_abcdef                                                                       
11_abcdef                                                                       
12_abcdef                                                                       
13_abcdef                                                                       
14_abcdef                                                                       
15_abcdef                                                                       
16_abcdef                                                                       
17_abcdef                                                                       
18_abcdef                                                                       
19_abcdef                                                                       
~                                                                               
~                                                                               
~                                                                               
19;8
00_abcdef                                                                       
01_abcdef                                                                       
02_abcdef                                                                       
                                                                                
04_abcdef                                                                       
05_abcdef                                                                       
06_abcdef                                                                       
07_abcdef                                                                       
08_abcdef                                                                       
09_abcdef                                                                       
10_abcdef                                                                       
11_abcdef                                                                       
18_abcdef                                                                       
19_abcdef                                                                       
~                                                                               
~                                                                               
~                                                                               
~                                                                               
~                                                                               
~                                                                               
~                                                                               
~                                                                               
~                                                                               
12;0
00_abcdef                                                                       
01_abcdef                                                                       
02_                                                                             
04_abcdef                                                                       
05_abcdef                                                                       
06_abcdef                                                                       
07_abcdef                                                                       
08_abcdef                                                                       
09_abcdef                                                                       
10_abcdef                                                                       
11_abcdef                                                                       
18_abcdef                                                                       
19_abcdef                                                                       
~                                                                               
~                                                                               
~                                                                               
~                                                                               
~                                                                               
~                                                                               
~                                                                               
~                                                                               
~                                                                               
~                                                                               
2;2
00_abcdef                                                                       
01_abcdef                                                                       
02_                                                                             
04_abcdef                                                                       
05_abcdef                                                                       
06_abcdef                                                                       
07_abcdef                                                                       
abcdef                                                                          
abcdef                                                                          
08_abcdef                                                                       
09_abcdef                                                                       
10_abcdef                                                                       
11_abcdef                                                                       
18_abcdef                                                                       
19_abcdef                                                                       
~                                                                               
~                                                                               
~                                                                               
~                                                                               
~                                                                               
~                                                                               
~                                                                               
~                                                                               
8;0
00_abcdef                                                                       
01abcdef                                                                        
_abcdef                                                                         
02_                                                                             
04_abcdef                                                                       
05_abcdef                                                                       
06_abcdef                                                                       
07_abcdef                                                                       
abcdef                                                                          
abcdef                                                                          
08_abcdef                                                                       
09_abcdef                                                                       
10_abcdef                                                                       
11_abcdef                                                                       
18_abcdef                                                                       
19_abcdef                                                                       
~                                                                               
~                                                                               
~                                                                               
~                                                                               
~                                                                               
~                                                                               
~                                                                               
2;0
00_abcdef                                                                       
01abcdef                                                                        
_abcdef                                                                         
02_                                                                             
04_abcdef                                                                       
05_abcdef                                                                       
06_abcdef                                                                       
07_abcdef                                                                       
abcabcdef                                                                       
abcdef                                                                          
abcdef                                                                          
def                                                                             
abcdef                                                                          
08_abcdef                                                                       
09_abcdef                                                                       
10_abcdef                                                                       
11_abcdef                                                                       
18_abcdef                                                                       
19_abcdef                                                                       
~                                                                               
~                                                                               
~                                                                               
~                                                                               
11;0
00_abcdef                                                                       
01abcdef                                                                        
_abcdef                                                                         
02                                                                              
05_abcdef                                                                       
06_abcdef                                                                       
07_abcdef                                                                       
abcabcdef                                                                       
abcdef                                                                          
abcdef                                                                          
def                                                                             
abcdef                                                                          
08_abcdef                                                                       
09_abcdef                                                                       
10_abcdef                                                                       
11_abcdef                                                                       
18_abcdef                                                                       
19_abcdef                                                                       
~                                                                               
~                                                                               
~                                                                               
~                                                                               
~                                                                               
3;2
00_abcdef                                                                       
01abcdef                                                                        
_abcdef                                                                         
02REPLACE                                                                       
05_abcdef                                                                       
06_abcdef                                                                       
07_abcdef                                                                       
abcabcdef                                                                       
abcdef                                                                          
abcdef                                                                          
def                                                                             
abcdef                                                                          
08_abcdef                                                                       
09_abcdef                                                                       
10_abcdef                                                                       
11_abcdef                                                                       
18_abcdef                                                                       
19_abcdef                                                                       
~                                                                               
~                                                                               
~                                                                               
~                                                                               
~                                                                               
3;8
00_abcdef                                                                       
01abcdef                                                                        
_abcdef                                                                         
02REPLACE                                                                       
05_abcdef                                                                       
06_abcdef                                                                       
07_abcdef                                                                       
abcabcdef                                                                       
abcdef                                                                          
abcdef                                                                          
d_                                                                              
04_abcdef_                                                                      
04_abcdefef                                                                     
abcdef                                                                          
08_abcdef                                                                       
09_abcdef                                                                       
10_abcdef                                                                       
11_abcdef                                                                       
18_abcdef                                                                       
19_abcdef                                                                       
~                                                                               
~                                                                               
~                                                                               
12;8
00_abcdef                                                                       
01abcdef                                                                        
_abcdef                                                                         
02REPLACE                                                                       
05_abcdef                                                                       
06_abcdef                                                                       
07_abcdef                                                                       
abcabcdef                                                                       
abcdef                                                                          
abcdef                                                                          
d_                                                                              
04_abcdef_                                                                      
04_abcdefef                                                                     
abcdef                                                                          
08_abcdef                                                                       
09_abcdef                                                                       
10_abcdef                                                                       
11_abcdef                                                                       
18_abcdef                                                                       
19_abcdef                                                                       
~                                                                               
~                                                                               
~                                                                               
0;3
00_abcdef                                                                       
01abcdef                                                                        
_abcdef                                                                         
02REPLACE                                                                       
05_abcdef                                                                       
06_abcdef                                                                       
07_abcdef                                                                       
abcabcdef                                                                       
abcabcdef                                                                       
01abcdef                                                                        
_abcdefdef                                                                      
abcdef                                                                          
d_                                                                              
04_abcdef_                                                                      
04_abcdefef                                                                     
abcdef                                                                          
08_abcdef                                                                       
09_abcdef                                                                       
10_abcdef                                                                       
11_abcdef                                                                       
18_abcdef                                                                       
19_abcdef                                                                       
~                                                                               
10;6
