  alpha_01 += beta;                                                             
x                                                                               
                                                                                
                                                                                
omega!!next                                                                     
two  words_7                                                                    
  last.end                                                                      
07_row_abcdEFG                                                                  
08_row_abcdEFG                                                                  
09_row_abcdEFG                                                                  
10_row_abcdEFG                                                                  
11_row_abcdEFG                                                                  
12_row_abcdEFG                                                                  
13_row_abcdEFG                                                                  
14_row_abcdEFG                                                                  
15_row_abcdEFG                                                                  
16_row_abcdEFG                                                                  
17_row_abcdEFG                                                                  
18_row_abcdEFG                                                                  
19_row_abcdEFG                                                                  
~                                                                               
~                                                                               
~                                                                               
19;13
  lpha_01 += beta;                                                              
x                                                                               
                                                                                
                                                                                
omega!!next                                                                     
two  words_7                                                                    
  last.end                                                                      
07_row_abcdEFG                                                                  
08_row_abcdEFG                                                                  
09_row_abcdEFG                                                                  
10_row_abcdEFG                                                                  
11_row_abcdEFG                                                                  
12_row_abcdEFG                                                                  
13_row_abcdEFG                                                                  
14_row_abcdEFG                                                                  
15_row_abcdEFG                                                                  
16_row_abcdEFG                                                                  
17_row_abcdEFG                                                                  
18_row_abcdEFG                                                                  
19_row_abcdEFG                                                                  
~                                                                               
~                                                                               
~                                                                               
0;2
  ha_01 += beta;                                                                
x                                                                               
                                                                                
                                                                                
omega!!next                                                                     
two  words_7                                                                    
  last.end                                                                      
07_row_abcdEFG                                                                  
08_row_abcdEFG                                                                  
09_row_abcdEFG                                                                  
10_row_abcdEFG                                                                  
11_row_abcdEFG                                                                  
12_row_abcdEFG                                                                  
13_row_abcdEFG                                                                  
14_row_abcdEFG                                                                  
15_row_abcdEFG                                                                  
16_row_abcdEFG                                                                  
17_row_abcdEFG                                                                  
18_row_abcdEFG                                                                  
19_row_abcdEFG                                                                  
~                                                                               
~                                                                               
~                                                                               
0;2
  ha_01 += beta;                                                                
x                                                                               
                                                                                
                                                                                
omega!!next                                                                     
two  words_7                                                                    
  last.end                                                                      
07_row_abcdEFG                                                                  
08_row_abcdEFG                                                                  
09_row_abcdEFG                                                                  
10_row_abcdEFG                                                                  
11_row_abcdEFG                                                                  
12_row_abcdEFG                                                                  
13_row_abcdEFG                                                                  
14_row_abcdEFG                                                                  
15_row_abcdEFG                                                                  
16_row_abcdEFG                                                                  
17_row_abcdEFG                                                                  
18_row_abcdEFG                                                                  
19_row_abcdEFG                                                                  
~                                                                               
~                                                                               
~                                                                               
3;0
  ha_01 += beta;                                                                
x                                                                               
                                                                                
                                                                                
omega!!next                                                                     
two  words_7                                                                    
  last.end                                                                      
07_row_abcdEFG                                                                  
08_row_abcdEFG                                                                  
09_row_abcdEFG                                                                  
10_row_abcdEFG                                                                  
11_row_abcdEFG                                                                  
12_row_abcdEFG                                                                  
13_row_abcdEFG                                                                  
14_row_abcdEFG                                                                  
15_row_abcdEFG                                                                  
16_row_abcdEFG                                                                  
17_row_abcdEFG                                                                  
18_row_abcdEFG                                                                  
19_row_abcdEFG                                                                  
~                                                                               
~                                                                               
~                                                                               
3;0
  ha_01 += beta;                                                                
x                                                                               
                                                                                
omega!!next                                                                     
two  words_7                                                                    
  last.end                                                                      
07_row_abcdEFG                                                                  
08_row_abcdEFG                                                                  
09_row_abcdEFG                                                                  
10_row_abcdEFG                                                                  
11_row_abcdEFG                                                                  
12_row_abcdEFG                                                                  
13_row_abcdEFG                                                                  
14_row_abcdEFG                                                                  
15_row_abcdEFG                                                                  
16_row_abcdEFG                                                                  
17_row_abcdEFG                                                                  
18_row_abcdEFG                                                                  
19_row_abcdEFG                                                                  
~                                                                               
~                                                                               
~                                                                               
~                                                                               
2;0
  ha_01 += beta;x                                                               
                                                                                
omega!!next                                                                     
two  words_7                                                                    
  last.end                                                                      
07_row_abcdEFG                                                                  
08_row_abcdEFG                                                                  
09_row_abcdEFG                                                                  
10_row_abcdEFG                                                                  
11_row_abcdEFG                                                                  
12_row_abcdEFG                                                                  
13_row_abcdEFG                                                                  
14_row_abcdEFG                                                                  
15_row_abcdEFG                                                                  
16_row_abcdEFG                                                                  
17_row_abcdEFG                                                                  
18_row_abcdEFG                                                                  
19_row_abcdEFG                                                                  
~                                                                               
~                                                                               
~                                                                               
~                                                                               
~                                                                               
0;16
  ha_01 += beta;                                                                
                                                                                
omega!!next                                                                     
two  words_7                                                                    
  last.end                                                                      
07_row_abcdEFG                                                                  
08_row_abcdEFG                                                                  
09_row_abcdEFG                                                                  
10_row_abcdEFG                                                                  
11_row_abcdEFG                                                                  
12_row_abcdEFG                                                                  
13_row_abcdEFG                                                                  
14_row_abcdEFG                                                                  
15_row_abcdEFG                                                                  
16_row_abcdEFG                                                                  
17_row_abcdEFG                                                                  
18_row_abcdEFG                                                                  
19_row_abcdEFG                                                                  
~                                                                               
~                                                                               
~                                                                               
~                                                                               
~                                                                               
0;16
  ha_01 += beta;                                                                
                                                                                
omega!!next                                                                     
two  words_7                                                                    
  last.end                                                                      
07_row_abcdEFG                                                                  
08_row_abcdEFG                                                                  
09_row_abcdEFG                                                                  
10_row_abcdEFG                                                                  
11_row_abcdEFG                                                                  
12_row_abcdEFG                                                                  
13_row_abcdEFG                                                                  
14_row_abcdEFG                                                                  
15_row_abcdEFG                                                                  
16_row_abcdEFG                                                                  
17_row_abcdEFG                                                                  
18_row_abcdEFG                                                                  
19_row_abcdEFG                                                                  
~                                                                               
~                                                                               
~                                                                               
~                                                                               
~                                                                               
17;14
  ha_01 += beta;                                                                
                                                                                
omega!!next                                                                     
two  words_7                                                                    
  last.end                                                                      
07_row_abcdEFG                                                                  
08_row_abcdEFG                                                                  
09_row_abcdEFG                                                                  
10_row_abcdEFG                                                                  
11_row_abcdEFG                                                                  
12_row_abcdEFG                                                                  
13_row_abcdEFG                                                                  
14_row_abcdEFG                                                                  
15_row_abcdEFG                                                                  
16_row_abcdEFG                                                                  
17_row_abcdEFG                                                                  
18_row_abcdEFG                                                                  
19_row_abcdEFG                                                                  
                                                                                
~                                                                               
~                                                                               
~                                                                               
~                                                                               
18;0
  ha_01 += beta;                                                                
                                                                                
omega!!next                                                                     
two  words_7                                                                    
  last.end                                                                      
07_row_abcdEFG                                                                  
08_row_abcdEFG                                                                  
09_row_abcdEFG                                                                  
10_row_abcdEFG                                                                  
11_row_abcdEFG                                                                  
12_row_abcdEFG                                                                  
13_row_abcdEFG                                                                  
14_row_abcdEFG                                                                  
15_row_abcdEFG                                                                  
16_row_abcdEFG                                                                  
17_row_abcdEFG                                                                  
18_row_abcdEFG                                                                  
19_row_abcdEFG                                                                  
                                                                                
~                                                                               
~                                                                               
~                                                                               
~                                                                               
18;0
  ha_01 += beta;                                                                
                                                                                
                                                                                
omega!!next                                                                     
two  words_7                                                                    
  last.end                                                                      
07_row_abcdEFG                                                                  
08_row_abcdEFG                                                                  
09_row_abcdEFG                                                                  
10_row_abcdEFG                                                                  
11_row_abcdEFG                                                                  
12_row_abcdEFG                                                                  
13_row_abcdEFG                                                                  
14_row_abcdEFG                                                                  
15_row_abcdEFG                                                                  
16_row_abcdEFG                                                                  
17_row_abcdEFG                                                                  
18_row_abcdEFG                                                                  
19_row_abcdEFG                                                                  
                                                                                
~                                                                               
~                                                                               
~                                                                               
2;0
  ha_01 += beta;                                                                
                                                                                
                                                                                
omega!!next                                                                     
two  words_7                                                                    
  last.end                                                                      
07_row_abcdEFG                                                                  
08_row_abcdEFG                                                                  
09_row_abcdEFG                                                                  
10_row_abcdEFG                                                                  
11_row_abcdEFG                                                                  
12_row_abcdEFG                                                                  
13_row_abcdEFG                                                                  
14_row_abcdEFG                                                                  
15_row_abcdEFG                                                                  
16_row_abcdEFG                                                                  
17_row_abcdEFG                                                                  
18_row_abcdEFG                                                                  
19_row_abcdEFG                                                                  
                                                                                
~                                                                               
~                                                                               
~                                                                               
2;0
