abcdefghijklmnopqrstuv                                                          
x                                                                               
                                                                                
                                                                                
ABCDEFGHIJKLMNOPQRSTUV                                                          
05_abcdefghijklmno                                                              
06_abcdefghijklmno                                                              
07_abcdefghijklmno                                                              
08_abcdefghijklmno                                                              
09_abcdefghijklmno                                                              
10_abcdefghijklmno                                                              
11_abcdefghijklmno                                                              
12_abcdefghijklmno                                                              
13_abcdefghijklmno                                                              
14_abcdefghijklmno                                                              
15_abcdefghijklmno                                                              
16_abcdefghijklmno                                                              
17_abcdefghijklmno                                                              
18_abcdefghijklmno                                                              
19_abcdefghijklmno                                                              
~                                                                               
~                                                                               
~                                                                               
19;17
abcdefghijklmnopqrstuv                                                          
x                                                                               
                                                                                
                                                                                
ABCDEFGHIJKLMNOPQRSTUV                                                          
05_abcdefghijklmno                                                              
06_abcdefghijklmno                                                              
07_abcdefghijklmno                                                              
08_abcdefghijklmno                                                              
09_abcdefghijklmno                                                              
10_abcdefghijklmno                                                              
11_abcdefghijklmno                                                              
12_abcdefghijklmno                                                              
13_abcdefghijklmno                                                              
14_abcdefghijklmno                                                              
15_abcdefghijklmno                                                              
16_abcdefghijklmno                                                              
17_abcdefghijklmno                                                              
18_abcdefghijklmno                                                              
19_abcdefghijklmno                                                              
~                                                                               
~                                                                               
~                                                                               
0;12
abcdefghijklmnopqrstuv                                                          
x                                                                               
                                                                                
                                                                                
ABCDEFGHIJKLMNOPQRSTUV                                                          
05_abcdefghijklmno                                                              
06_abcdefghijklmno                                                              
07_abcdefghijklmno                                                              
08_abcdefghijklmno                                                              
09_abcdefghijklmno                                                              
10_abcdefghijklmno                                                              
11_abcdefghijklmno                                                              
12_abcdefghijklmno                                                              
13_abcdefghijklmno                                                              
14_abcdefghijklmno                                                              
15_abcdefghijklmno                                                              
16_abcdefghijklmno                                                              
17_abcdefghijklmno                                                              
18_abcdefghijklmno                                                              
19_abcdefghijklmno                                                              
~                                                                               
~                                                                               
~                                                                               
1;0
abcdefghijklmnopqrstuv                                                          
x                                                                               
                                                                                
                                                                                
ABCDEFGHIJKLMNOPQRSTUV                                                          
05_abcdefghijklmno                                                              
06_abcdefghijklmno                                                              
07_abcdefghijklmno                                                              
08_abcdefghijklmno                                                              
09_abcdefghijklmno                                                              
10_abcdefghijklmno                                                              
11_abcdefghijklmno                                                              
12_abcdefghijklmno                                                              
13_abcdefghijklmno                                                              
14_abcdefghijklmno                                                              
15_abcdefghijklmno                                                              
16_abcdefghijklmno                                                              
17_abcdefghijklmno                                                              
18_abcdefghijklmno                                                              
19_abcdefghijklmno                                                              
~                                                                               
~                                                                               
~                                                                               
3;2
abcdefghijklmnopqrstuv                                                          
x                                                                               
                                                                                
                                                                                
ABCDEFGHIJKLMNOPQRSTUV                                                          
05_abcdefghijklmno                                                              
06_abcdefghijklmno                                                              
07_abcdefghijklmno                                                              
08_abcdefghijklmno                                                              
09_abcdefghijklmno                                                              
10_abcdefghijklmno                                                              
11_abcdefghijklmno                                                              
12_abcdefghijklmno                                                              
13_abcdefghijklmno                                                              
14_abcdefghijklmno                                                              
15_abcdefghijklmno                                                              
16_abcdefghijklmno                                                              
17_abcdefghijklmno                                                              
18_abcdefghijklmno                                                              
19_abcdefghijklmno                                                              
~                                                                               
~                                                                               
~                                                                               
4;12
abcdefghijklmnopqrstuv                                                          
x                                                                               
                                                                                
                                                                                
ABCDEFGHIJKLMNOPQRSTUV                                                          
05_abcdefghijklmno                                                              
06_abcdefghijklmno                                                              
07_abcdefghijklmno                                                              
08_abcdefghijklmno                                                              
09_abcdefghijklmno                                                              
10_abcdefghijklmno                                                              
11_abcdefghijklmno                                                              
12_abcdefghijklmno                                                              
13_abcdefghijklmno                                                              
14_abcdefghijklmno                                                              
15_abcdefghijklmno                                                              
16_abcdefghijklmno                                                              
17_abcdefghijklmno                                                              
18_abcdefghijklmno                                                              
19_abcdefghijklmno                                                              
~                                                                               
~                                                                               
~                                                                               
19;12
abcdefghijklmnopqrstuv                                                          
x                                                                               
                                                                                
                                                                                
ABCDEFGHIJKLMNOPQRSTUV                                                          
05_abcdefghijklmno                                                              
06_abcdefghijklmno                                                              
07_abcdefghijklmno                                                              
08_abcdefghijklmno                                                              
09_abcdefghijklmno                                                              
10_abcdefghijklmno                                                              
11_abcdefghijklmno                                                              
12_abcdefghijklmno                                                              
13_abcdefghijklmno                                                              
14_abcdefghijklmno                                                              
15_abcdefghijklmno                                                              
16_abcdefghijklmno                                                              
17_abcdefghijklmno                                                              
18_abcdefghijklmno                                                              
19_abcdefghijklmno                                                              
~                                                                               
~                                                                               
~                                                                               
0;12
abcdefghijklmnopqrstuv                                                          
x                                                                               
                                                                                
                                                                                
ABCDEFGHIJKLMNOPQRSTUV                                                          
05_abcdefghijklmno                                                              
06_abcdefghijklmno                                                              
07_abcdefghijklmno                                                              
08_abcdefghijklmno                                                              
09_abcdefghijklmno                                                              
10_abcdefghijklmno                                                              
11_abcdefghijklmno                                                              
12_abcdefghijklmno                                                              
13_abcdefghijklmno                                                              
14_abcdefghijklmno                                                              
15_abcdefghijklmno                                                              
16_abcdefghijklmno                                                              
17_abcdefghijklmno                                                              
18_abcdefghijklmno                                                              
19_abcdefghijklmno                                                              
~                                                                               
~                                                                               
~                                                                               
0;12
abcdefghijklmnopqrstuv                                                          
x                                                                               
                                                                                
                                                                                
ABCDEFGHIJKLMNOPQRSTUV                                                          
05_abcdefghijklmno                                                              
06_abcdefghijklmno                                                              
07_abcdefghijklmno                                                              
08_abcdefghijklmno                                                              
09_abcdefghijklmno                                                              
10_abcdefghijklmno                                                              
11_abcdefghijklmno                                                              
12_abcdefghijklmno                                                              
13_abcdefghijklmno                                                              
14_abcdefghijklmno                                                              
15_abcdefghijklmno                                                              
16_abcdefghijklmno                                                              
17_abcdefghijklmno                                                              
18_abcdefghijklmno                                                              
19_abcdefghijklmno                                                              
~                                                                               
~                                                                               
~                                                                               
0;12
abcdefghijklmnopqrstuv                                                          
x                                                                               
                                                                                
                                                                                
ABCDEFGHIJKLMNOPQRSTUV                                                          
05_abcdefghijklmno                                                              
06_abcdefghijklmno                                                              
07_abcdefghijklmno                                                              
08_abcdefghijklmno                                                              
09_abcdefghijklmno                                                              
10_abcdefghijklmno                                                              
11_abcdefghijklmno                                                              
12_abcdefghijklmno                                                              
13_abcdefghijklmno                                                              
14_abcdefghijklmno                                                              
15_abcdefghijklmno                                                              
16_abcdefghijklmno                                                              
17_abcdefghijklmno                                                              
18_abcdefghijklmno                                                              
19_abcdefghijklmno                                                              
~                                                                               
~                                                                               
~                                                                               
0;11
abcdefghijklmnopqrstuv                                                          
x                                                                               
                                                                                
                                                                                
ABCDEFGHIJKLMNOPQRSTUV                                                          
05_abcdefghijklmno                                                              
06_abcdefghijklmno                                                              
07_abcdefghijklmno                                                              
08_abcdefghijklmno                                                              
09_abcdefghijklmno                                                              
10_abcdefghijklmno                                                              
11_abcdefghijklmno                                                              
12_abcdefghijklmno                                                              
13_abcdefghijklmno                                                              
14_abcdefghijklmno                                                              
15_abcdefghijklmno                                                              
16_abcdefghijklmno                                                              
17_abcdefghijklmno                                                              
18_abcdefghijklmno                                                              
19_abcdefghijklmno                                                              
~                                                                               
~                                                                               
~                                                                               
0;13
abcdefghijklmnopqrstuv                                                          
x                                                                               
                                                                                
                                                                                
ABCDEFGHIJKLMNOPQRSTUV                                                          
05_abcdefghijklmno                                                              
06_abcdefghijklmno                                                              
07_abcdefghijklmno                                                              
08_abcdefghijklmno                                                              
09_abcdefghijklmno                                                              
10_abcdefghijklmno                                                              
11_abcdefghijklmno                                                              
12_abcdefghijklmno                                                              
13_abcdefghijklmno                                                              
14_abcdefghijklmno                                                              
15_abcdefghijklmno                                                              
16_abcdefghijklmno                                                              
17_abcdefghijklmno                                                              
18_abcdefghijklmno                                                              
19_abcdefghijklmno                                                              
~                                                                               
~                                                                               
~                                                                               
0;10
abcdefghijklmnopqrstuv                                                          
x                                                                               
                                                                                
                                                                                
ABCDEFGHIJKLMNOPQRSTUV                                                          
05_abcdefghijklmno                                                              
06_abcdefghijklmno                                                              
07_abcdefghijklmno                                                              
08_abcdefghijklmno                                                              
09_abcdefghijklmno                                                              
10_abcdefghijklmno                                                              
11_abcdefghijklmno                                                              
12_abcdefghijklmno                                                              
13_abcdefghijklmno                                                              
14_abcdefghijklmno                                                              
15_abcdefghijklmno                                                              
16_abcdefghijklmno                                                              
17_abcdefghijklmno                                                              
18_abcdefghijklmno                                                              
19_abcdefghijklmno                                                              
~                                                                               
~                                                                               
~                                                                               
0;0
abcdefghijklmnopqrstuv                                                          
x                                                                               
                                                                                
                                                                                
ABCDEFGHIJKLMNOPQRSTUV                                                          
05_abcdefghijklmno                                                              
06_abcdefghijklmno                                                              
07_abcdefghijklmno                                                              
08_abcdefghijklmno                                                              
09_abcdefghijklmno                                                              
10_abcdefghijklmno                                                              
11_abcdefghijklmno                                                              
12_abcdefghijklmno                                                              
13_abcdefghijklmno                                                              
14_abcdefghijklmno                                                              
15_abcdefghijklmno                                                              
16_abcdefghijklmno                                                              
17_abcdefghijklmno                                                              
18_abcdefghijklmno                                                              
19_abcdefghijklmno                                                              
~                                                                               
~                                                                               
~                                                                               
0;10
