  alpha_01 += beta;                                                             
x                                                                               
                                                                                
                                                                                
omega!!next                                                                     
two  words_7                                                                    
  last.end                                                                      
07_row_abcdEFG                                                                  
08_row_abcdEFG                                                                  
09_row_abcdEFG                                                                  
10_row_abcdEFG                                                                  
11_row_abcdEFG                                                                  
12_row_abcdEFG                                                                  
13_row_abcdEFG                                                                  
14_row_abcdEFG                                                                  
15_row_abcdEFG                                                                  
16_row_abcdEFG                                                                  
17_row_abcdEFG                                                                  
18_row_abcdEFG                                                                  
19_row_abcdEFG                                                                  
~                                                                               
~                                                                               
~                                                                               
19;13
  alpha_01 += beta;                                                             
x                                                                               
                                                                                
                                                                                
omega!!next                                                                     
two  words_7                                                                    
  last.end                                                                      
07_row_abcdEFG                                                                  
08_row_abcdEFG                                                                  
09_row_abcdEFG                                                                  
10_row_abcdEFG                                                                  
11_row_abcdEFG                                                                  
12_row_abcdEFG                                                                  
13_row_abcdEFG                                                                  
14_row_abcdEFG                                                                  
15_row_abcdEFG                                                                  
16_row_abcdEFG                                                                  
17_row_abcdEFG                                                                  
18_row_abcdEFG                                                                  
19_row_abcdEFG                                                                  
~                                                                               
~                                                                               
~                                                                               
0;0
  alpha_01 += beta;                                                             
x                                                                               
                                                                                
                                                                                
omega!!next                                                                     
two  words_7                                                                    
  last.end                                                                      
07_row_abcdEFG                                                                  
08_row_abcdEFG                                                                  
09_row_abcdEFG                                                                  
10_row_abcdEFG                                                                  
11_row_abcdEFG                                                                  
12_row_abcdEFG                                                                  
13_row_abcdEFG                                                                  
14_row_abcdEFG                                                                  
15_row_abcdEFG                                                                  
16_row_abcdEFG                                                                  
17_row_abcdEFG                                                                  
18_row_abcdEFG                                                                  
19_row_abcdEFG                                                                  
~                                                                               
~                                                                               
~                                                                               
0;2
  alpha_01 += beta;                                                             
x                                                                               
                                                                                
                                                                                
omega!!next                                                                     
two  words_7                                                                    
  last.end                                                                      
07_row_abcdEFG                                                                  
08_row_abcdEFG                                                                  
09_row_abcdEFG                                                                  
10_row_abcdEFG                                                                  
11_row_abcdEFG                                                                  
12_row_abcdEFG                                                                  
13_row_abcdEFG                                                                  
14_row_abcdEFG                                                                  
15_row_abcdEFG                                                                  
16_row_abcdEFG                                                                  
17_row_abcdEFG                                                                  
18_row_abcdEFG                                                                  
19_row_abcdEFG                                                                  
~                                                                               
~                                                                               
~                                                                               
0;18
  alpha_01 += beta;                                                             
x                                                                               
                                                                                
                                                                                
omega!!next                                                                     
two  words_7                                                                    
  last.end                                                                      
07_row_abcdEFG                                                                  
08_row_abcdEFG                                                                  
09_row_abcdEFG                                                                  
10_row_abcdEFG                                                                  
11_row_abcdEFG                                                                  
12_row_abcdEFG                                                                  
13_row_abcdEFG                                                                  
14_row_abcdEFG                                                                  
15_row_abcdEFG                                                                  
16_row_abcdEFG                                                                  
17_row_abcdEFG                                                                  
18_row_abcdEFG                                                                  
19_row_abcdEFG                                                                  
~                                                                               
~                                                                               
~                                                                               
3;5
  alpha_01 += beta;                                                             
x                                                                               
                                                                                
                                                                                
omega!!next                                                                     
two  words_7                                                                    
  last.end                                                                      
07_row_abcdEFG                                                                  
08_row_abcdEFG                                                                  
09_row_abcdEFG                                                                  
10_row_abcdEFG                                                                  
11_row_abcdEFG                                                                  
12_row_abcdEFG                                                                  
13_row_abcdEFG                                                                  
14_row_abcdEFG                                                                  
15_row_abcdEFG                                                                  
16_row_abcdEFG                                                                  
17_row_abcdEFG                                                                  
18_row_abcdEFG                                                                  
19_row_abcdEFG                                                                  
~                                                                               
~                                                                               
~                                                                               
3;0
  alpha_01 += beta;                                                             
x                                                                               
                                                                                
                                                                                
omega!!next                                                                     
two  words_7                                                                    
  last.end                                                                      
07_row_abcdEFG                                                                  
08_row_abcdEFG                                                                  
09_row_abcdEFG                                                                  
10_row_abcdEFG                                                                  
11_row_abcdEFG                                                                  
12_row_abcdEFG                                                                  
13_row_abcdEFG                                                                  
14_row_abcdEFG                                                                  
15_row_abcdEFG                                                                  
16_row_abcdEFG                                                                  
17_row_abcdEFG                                                                  
18_row_abcdEFG                                                                  
19_row_abcdEFG                                                                  
~                                                                               
~                                                                               
~                                                                               
2;0
  alpha_01 += beta;                                                             
x                                                                               
                                                                                
                                                                                
omega!!next                                                                     
two  words_7                                                                    
  last.end                                                                      
07_row_abcdEFG                                                                  
08_row_abcdEFG                                                                  
09_row_abcdEFG                                                                  
10_row_abcdEFG                                                                  
11_row_abcdEFG                                                                  
12_row_abcdEFG                                                                  
13_row_abcdEFG                                                                  
14_row_abcdEFG                                                                  
15_row_abcdEFG                                                                  
16_row_abcdEFG                                                                  
17_row_abcdEFG                                                                  
18_row_abcdEFG                                                                  
19_row_abcdEFG                                                                  
~                                                                               
~                                                                               
~                                                                               
2;0
  alpha_01 += beta;                                                             
x                                                                               
                                                                                
                                                                                
omega!!next                                                                     
two  words_7                                                                    
  last.end                                                                      
07_row_abcdEFG                                                                  
08_row_abcdEFG                                                                  
09_row_abcdEFG                                                                  
10_row_abcdEFG                                                                  
11_row_abcdEFG                                                                  
12_row_abcdEFG                                                                  
13_row_abcdEFG                                                                  
14_row_abcdEFG                                                                  
15_row_abcdEFG                                                                  
16_row_abcdEFG                                                                  
17_row_abcdEFG                                                                  
18_row_abcdEFG                                                                  
19_row_abcdEFG                                                                  
~                                                                               
~                                                                               
~                                                                               
2;0
  alpha_01 += beta;                                                             
x                                                                               
                                                                                
                                                                                
omega!!next                                                                     
two  words_7                                                                    
  last.end                                                                      
07_row_abcdEFG                                                                  
08_row_abcdEFG                                                                  
09_row_abcdEFG                                                                  
10_row_abcdEFG                                                                  
11_row_abcdEFG                                                                  
12_row_abcdEFG                                                                  
13_row_abcdEFG                                                                  
14_row_abcdEFG                                                                  
15_row_abcdEFG                                                                  
16_row_abcdEFG                                                                  
17_row_abcdEFG                                                                  
18_row_abcdEFG                                                                  
19_row_abcdEFG                                                                  
~                                                                               
~                                                                               
~                                                                               
2;0
  alpha_01 += beta;                                                             
x                                                                               
                                                                                
                                                                                
omega!!next                                                                     
two  words_7                                                                    
  last.end                                                                      
07_row_abcdEFG                                                                  
08_row_abcdEFG                                                                  
09_row_abcdEFG                                                                  
10_row_abcdEFG                                                                  
11_row_abcdEFG                                                                  
12_row_abcdEFG                                                                  
13_row_abcdEFG                                                                  
14_row_abcdEFG                                                                  
15_row_abcdEFG                                                                  
16_row_abcdEFG                                                                  
17_row_abcdEFG                                                                  
18_row_abcdEFG                                                                  
19_row_abcdEFG                                                                  
~                                                                               
~                                                                               
~                                                                               
19;13
  alpha_01 += beta;                                                             
x                                                                               
                                                                                
                                                                                
omega!!next                                                                     
two  words_7                                                                    
  last.end                                                                      
07_row_abcdEFG                                                                  
08_row_abcdEFG                                                                  
09_row_abcdEFG                                                                  
10_row_abcdEFG                                                                  
11_row_abcdEFG                                                                  
12_row_abcdEFG                                                                  
13_row_abcdEFG                                                                  
14_row_abcdEFG                                                                  
15_row_abcdEFG                                                                  
16_row_abcdEFG                                                                  
17_row_abcdEFG                                                                  
18_row_abcdEFG                                                                  
19_row_abcdEFG                                                                  
~                                                                               
~                                                                               
~                                                                               
19;3
  alpha_01 += beta;                                                             
x                                                                               
                                                                                
                                                                                
omega!!next                                                                     
two  words_7                                                                    
  last.end                                                                      
07_row_abcdEFG                                                                  
08_row_abcdEFG                                                                  
09_row_abcdEFG                                                                  
10_row_abcdEFG                                                                  
11_row_abcdEFG                                                                  
12_row_abcdEFG                                                                  
13_row_abcdEFG                                                                  
14_row_abcdEFG                                                                  
15_row_abcdEFG                                                                  
16_row_abcdEFG                                                                  
17_row_abcdEFG                                                                  
18_row_abcdEFG                                                                  
19_row_abcdEFG                                                                  
~                                                                               
~                                                                               
~                                                                               
19;13
