                                                                                
                                                                                
13_row_content                                                                  
14_row_content                                                                  
15_row_content                                                                  
16_row_content                                                                  
17_row_content                                                                  
18_row_content                                                                  
19_row_content                                                                  
  target                                                                        
21_row_content                                                                  
                                                                                
23_row_content                                                                  
24_row_content                                                                  
25_row_content                                                                  
26_row_content                                                                  
27_row_content                                                                  
28_row_content                                                                  
29_row_content                                                                  
30_row_content                                                                  
31_row_content                                                                  
32_row_content                                                                  
33_row_content                                                                  
22;13
                                                                                
                                                                                
13_row_content                                                                  
14_row_content                                                                  
15_row_content                                                                  
16_row_content                                                                  
17_row_content                                                                  
18_row_content                                                                  
19_row_content                                                                  
  target                                                                        
21_row_content                                                                  
                                                                                
23_row_content                                                                  
24_row_content                                                                  
25_row_content                                                                  
26_row_content                                                                  
27_row_content                                                                  
28_row_content                                                                  
29_row_content                                                                  
30_row_content                                                                  
31_row_content                                                                  
32_row_content                                                                  
33_row_content                                                                  
0;0
                                                                                
                                                                                
13_row_content                                                                  
14_row_content                                                                  
15_row_content                                                                  
16_row_content                                                                  
17_row_content                                                                  
18_row_content                                                                  
19_row_content                                                                  
  target                                                                        
21_row_content                                                                  
                                                                                
23_row_content                                                                  
24_row_content                                                                  
25_row_content                                                                  
26_row_content                                                                  
27_row_content                                                                  
28_row_content                                                                  
29_row_content                                                                  
30_row_content                                                                  
31_row_content                                                                  
32_row_content                                                                  
33_row_content                                                                  
11;5
                                                                                
                                                                                
13_row_content                                                                  
14_row_content                                                                  
15_row_content                                                                  
16_row_content                                                                  
17_row_content                                                                  
18_row_content                                                                  
19_row_content                                                                  
  target                                                                        
21_row_content                                                                  
                                                                                
23_row_content                                                                  
24_row_content                                                                  
25_row_content                                                                  
26_row_content                                                                  
27_row_content                                                                  
28_row_content                                                                  
29_row_content                                                                  
30_row_content                                                                  
31_row_content                                                                  
32_row_content                                                                  
33_row_content                                                                  
22;0
                                                                                
                                                                                
13_row_content                                                                  
14_row_content                                                                  
15_row_content                                                                  
16_row_content                                                                  
17_row_content                                                                  
18_row_content                                                                  
19_row_content                                                                  
  target                                                                        
21_row_content                                                                  
                                                                                
23_row_content                                                                  
24_row_content                                                                  
25_row_content                                                                  
26_row_content                                                                  
27_row_content                                                                  
28_row_content                                                                  
29_row_content                                                                  
30_row_content                                                                  
31_row_content                                                                  
32_row_content                                                                  
33_row_content                                                                  
1;2
                                                                                
                                                                                
13_row_content                                                                  
14_row_content                                                                  
15_row_content                                                                  
16_row_content                                                                  
17_row_content                                                                  
18_row_content                                                                  
19_row_content                                                                  
  target                                                                        
21_row_content                                                                  
                                                                                
23_row_content                                                                  
24_row_content                                                                  
25_row_content                                                                  
26_row_content                                                                  
27_row_content                                                                  
28_row_content                                                                  
29_row_content                                                                  
30_row_content                                                                  
31_row_content                                                                  
32_row_content                                                                  
33_row_content                                                                  
20;0
                                                                                
                                                                                
13_row_content                                                                  
14_row_content                                                                  
15_row_content                                                                  
16_row_content                                                                  
17_row_content                                                                  
18_row_content                                                                  
19_row_content                                                                  
  target                                                                        
21_row_content                                                                  
                                                                                
23_row_content                                                                  
24_row_content                                                                  
25_row_content                                                                  
26_row_content                                                                  
27_row_content                                                                  
28_row_content                                                                  
29_row_content                                                                  
30_row_content                                                                  
31_row_content                                                                  
32_row_content                                                                  
33_row_content                                                                  
22;0
                                                                                
                                                                                
13_row_content                                                                  
14_row_content                                                                  
15_row_content                                                                  
16_row_content                                                                  
17_row_content                                                                  
18_row_content                                                                  
19_row_content                                                                  
  target                                                                        
21_row_content                                                                  
                                                                                
23_row_content                                                                  
24_row_content                                                                  
25_row_content                                                                  
26_row_content                                                                  
27_row_content                                                                  
28_row_content                                                                  
29_row_content                                                                  
30_row_content                                                                  
31_row_content                                                                  
32_row_content                                                                  
33_row_content                                                                  
0;0
                                                                                
                                                                                
13_row_content                                                                  
14_row_content                                                                  
15_row_content                                                                  
16_row_content                                                                  
17_row_content                                                                  
18_row_content                                                                  
19_row_content                                                                  
  target                                                                        
21_row_content                                                                  
                                                                                
23_row_content                                                                  
24_row_content                                                                  
25_row_content                                                                  
26_row_content                                                                  
27_row_content                                                                  
28_row_content                                                                  
29_row_content                                                                  
30_row_content                                                                  
31_row_content                                                                  
32_row_content                                                                  
33_row_content                                                                  
11;5
00_row_content                                                                  
01_row_content                                                                  
02_row_content                                                                  
03_row_content                                                                  
04_row_content                                                                  
05_row_content                                                                  
06_row_content                                                                  
07_row_content                                                                  
08_row_content                                                                  
09_row_content                                                                  
10_row_content                                                                  
                                                                                
                                                                                
13_row_content                                                                  
14_row_content                                                                  
15_row_content                                                                  
16_row_content                                                                  
17_row_content                                                                  
18_row_content                                                                  
19_row_content                                                                  
  target                                                                        
21_row_content                                                                  
                                                                                
0;0
00_row_content                                                                  
01_row_content                                                                  
02_row_content                                                                  
03_row_content                                                                  
04_row_content                                                                  
05_row_content                                                                  
06_row_content                                                                  
07_row_content                                                                  
08_row_content                                                                  
09_row_content                                                                  
10_row_content                                                                  
                                                                                
                                                                                
13_row_content                                                                  
14_row_content                                                                  
15_row_content                                                                  
16_row_content                                                                  
17_row_content                                                                  
18_row_content                                                                  
19_row_content                                                                  
  target                                                                        
21_row_content                                                                  
                                                                                
11;0
00_row_content                                                                  
01_row_content                                                                  
02_row_content                                                                  
03_row_content                                                                  
04_row_content                                                                  
05_row_content                                                                  
06_row_content                                                                  
07_row_content                                                                  
08_row_content                                                                  
09_row_content                                                                  
10_row_content                                                                  
                                                                                
                                                                                
13_row_content                                                                  
14_row_content                                                                  
15_row_content                                                                  
16_row_content                                                                  
17_row_content                                                                  
18_row_content                                                                  
19_row_content                                                                  
  target                                                                        
21_row_content                                                                  
                                                                                
12;2
00_row_content                                                                  
01_row_content                                                                  
02_row_content                                                                  
03_row_content                                                                  
04_row_content                                                                  
05_row_content                                                                  
06_row_content                                                                  
07_row_content                                                                  
08_row_content                                                                  
09_row_content                                                                  
10_row_content                                                                  
                                                                                
                                                                                
13_row_content                                                                  
14_row_content                                                                  
15_row_content                                                                  
16_row_content                                                                  
17_row_content                                                                  
18_row_content                                                                  
19_row_content                                                                  
  target                                                                        
21_row_content                                                                  
                                                                                
22;5
