00_abcdefGHI                                                                    
01_abcdefGHIJK_0123                                                             
                                                                                
x                                                                               
                                                                                
05_abcdefGHIJK_012345                                                           
06_abcdefGHIJK_                                                                 
07_abcdefGHIJK_0123456                                                          
08_abcdefGHIJK_0                                                                
                                                                                
x                                                                               
                                                                                
12_abcdefGHIJK_012                                                              
13_abcdefGHI                                                                    
14_abcdefGHIJK_0123                                                             
15_abcdefGHIJ                                                                   
                                                                                
x                                                                               
                                                                                
19_abcdefGHIJK_                                                                 
~                                                                               
~                                                                               
~                                                                               
19;14
00_abcdefGHI                                                                    
01_abcdefGHIJK_0123                                                             
                                                                                
x                                                                               
                                                                                
05_abcdefGHIJK_012345                                                           
06_abcdefGHIJK_                                                                 
07_abcdefGHIJK_0123456                                                          
08_abcdefGHIJK_0                                                                
                                                                                
x                                                                               
                                                                                
12_abcdefGHIJK_012                                                              
13_abcdefGHI                                                                    
14_abcdefGHIJK_0123                                                             
15_abcdefGHIJ                                                                   
                                                                                
x                                                                               
                                                                                
19_abcdefGHIJK_                                                                 
~                                                                               
~                                                                               
~                                                                               
0;5
00_abMIDcdefGHI                                                                 
01_abcdefGHIJK_0123                                                             
                                                                                
x                                                                               
                                                                                
05_abcdefGHIJK_012345                                                           
06_abcdefGHIJK_                                                                 
07_abcdefGHIJK_0123456                                                          
08_abcdefGHIJK_0                                                                
                                                                                
x                                                                               
                                                                                
12_abcdefGHIJK_012                                                              
13_abcdefGHI                                                                    
14_abcdefGHIJK_0123                                                             
15_abcdefGHIJ                                                                   
                                                                                
x                                                                               
                                                                                
19_abcdefGHIJK_                                                                 
~                                                                               
~                                                                               
~                                                                               
0;8
00_abMIDcdefGHI                                                                 
01_abcdefGHIJK_0123                                                             
                                                                                
x                                                                               
                                                                                
05_abcdefGHIJK_012345                                                           
06_abcdefGHIJK_                                                                 
07_abcdefGHIJK_0123456                                                          
08_abcdefGHIJK_0                                                                
                                                                                
x                                                                               
                                                                                
12_abcdefGHIJK_012                                                              
13_abcdefGHI                                                                    
14_abcdefGHIJK_0123                                                             
15_abcdefGHIJ                                                                   
                                                                                
x                                                                               
                                                                                
19_abcdefGHIJK_                                                                 
~                                                                               
~                                                                               
~                                                                               
0;7
00_abMIDcdefGHI                                                                 
01_abcdefGHIJK_0123                                                             
                                                                                
x                                                                               
                                                                                
05_abcdefGHIJK_012345                                                           
06_abcdefGHIJK_                                                                 
07_abcdefGHIJK_0123456                                                          
08_abcdefGHIJK_0                                                                
                                                                                
x                                                                               
                                                                                
12_abcdefGHIJK_012                                                              
13_abcdefGHI                                                                    
14_abcdefGHIJK_0123                                                             
15_abcdefGHIJ                                                                   
                                                                                
x                                                                               
                                                                                
19_abcdefGHIJK_                                                                 
~                                                                               
~                                                                               
~                                                                               
1;19
00_abMIDcdefGHI                                                                 
01_abcdefGHIJK_0123 END                                                         
                                                                                
x                                                                               
                                                                                
05_abcdefGHIJK_012345                                                           
06_abcdefGHIJK_                                                                 
07_abcdefGHIJK_0123456                                                          
08_abcdefGHIJK_0                                                                
                                                                                
x                                                                               
                                                                                
12_abcdefGHIJK_012                                                              
13_abcdefGHI                                                                    
14_abcdefGHIJK_0123                                                             
15_abcdefGHIJ                                                                   
                                                                                
x                                                                               
                                                                                
19_abcdefGHIJK_                                                                 
~                                                                               
~                                                                               
~                                                                               
1;24
00_abMIDcdefGHI                                                                 
01_abcdefGHIJK_0123 END                                                         
                                                                                
x                                                                               
                                                                                
05_abcdefGHIJK_012345                                                           
06_abcdefGHIJK_                                                                 
07_abcdefGHIJK_0123456                                                          
08_abcdefGHIJK_0                                                                
                                                                                
x                                                                               
                                                                                
12_abcdefGHIJK_012                                                              
13_abcdefGHI                                                                    
14_abcdefGHIJK_0123                                                             
15_abcdefGHIJ                                                                   
                                                                                
x                                                                               
                                                                                
19_abcdefGHIJK_                                                                 
~                                                                               
~                                                                               
~                                                                               
1;23
00_abMIDcdefGHI                                                                 
01_abcdefGHIJK_0123 END                                                         
EMPTY                                                                           
x                                                                               
                                                                                
05_abcdefGHIJK_012345                                                           
06_abcdefGHIJK_                                                                 
07_abcdefGHIJK_0123456                                                          
08_abcdefGHIJK_0                                                                
                                                                                
x                                                                               
                                                                                
12_abcdefGHIJK_012                                                              
13_abcdefGHI                                                                    
14_abcdefGHIJK_0123                                                             
15_abcdefGHIJ                                                                   
                                                                                
x                                                                               
                                                                                
19_abcdefGHIJK_                                                                 
~                                                                               
~                                                                               
~                                                                               
2;5
00_abMIDcdefGHI                                                                 
01_abcdefGHIJK_0123 END                                                         
EMPTY                                                                           
x                                                                               
                                                                                
05_abcdefGHIJK_012345                                                           
06_abcdefGHIJK_                                                                 
07_abcdefGHIJK_0123456                                                          
08_abcdefGHIJK_0                                                                
                                                                                
x                                                                               
                                                                                
12_abcdefGHIJK_012                                                              
13_abcdefGHI                                                                    
14_abcdefGHIJK_0123                                                             
15_abcdefGHIJ                                                                   
                                                                                
x                                                                               
                                                                                
19_abcdefGHIJK_                                                                 
~                                                                               
~                                                                               
~                                                                               
2;4
00_abMIDcdefGHI                                                                 
01_abcdefGHIJK_0123 END                                                         
EMPTY                                                                           
x                                                                               
NEXT                                                                            
                                                                                
05_abcdefGHIJK_012345                                                           
06_abcdefGHIJK_                                                                 
07_abcdefGHIJK_0123456                                                          
08_abcdefGHIJK_0                                                                
                                                                                
x                                                                               
                                                                                
12_abcdefGHIJK_012                                                              
13_abcdefGHI                                                                    
14_abcdefGHIJK_0123                                                             
15_abcdefGHIJ                                                                   
                                                                                
x                                                                               
                                                                                
19_abcdefGHIJK_                                                                 
~                                                                               
~                                                                               
4;4
00_abMIDcdefGHI                                                                 
01_abcdefGHIJK_0123 END                                                         
EMPTY                                                                           
x                                                                               
NEXT                                                                            
                                                                                
05_abcdefGHIJK_012345                                                           
06_abcdefGHIJK_                                                                 
07_abcdefGHIJK_0123456                                                          
08_abcdefGHIJK_0                                                                
                                                                                
x                                                                               
                                                                                
12_abcdefGHIJK_012                                                              
13_abcdefGHI                                                                    
14_abcdefGHIJK_0123                                                             
15_abcdefGHIJ                                                                   
                                                                                
x                                                                               
                                                                                
19_abcdefGHIJK_                                                                 
~                                                                               
~                                                                               
4;3
00_abMIDcdefGHI                                                                 
01_abcdefGHIJK_0123 END                                                         
EMPTY                                                                           
x                                                                               
NEXT                                                                            
                                                                                
05_abcdefGHIJK_012345                                                           
06_abcdefGHIJK_                                                                 
07_abcdefGHIJK_0123456                                                          
08_abcdefGHIJK_0                                                                
                                                                                
x                                                                               
                                                                                
12_abcdefGHIJK_012                                                              
13_abcdefGHI                                                                    
14_abcdefGHIJK_0123                                                             
15_abcdefGHIJ                                                                   
                                                                                
x                                                                               
                                                                                
19_abcdefGHIJK_                                                                 
~                                                                               
~                                                                               
