                                                                                
0;0
A                                                                               
0;1
Ai                                                                              
0;2
AiA                                                                             
0;3
AiA                                                                             
0;2
