00_abcdefGHI                                                                    
01_abcdefGHIJK_0123                                                             
                                                                                
x                                                                               
                                                                                
05_abcdefGHIJK_012345                                                           
06_abcdefGHIJK_                                                                 
07_abcdefGHIJK_0123456                                                          
08_abcdefGHIJK_0                                                                
                                                                                
x                                                                               
                                                                                
12_abcdefGHIJK_012                                                              
13_abcdefGHI                                                                    
14_abcdefGHIJK_0123                                                             
15_abcdefGHIJ                                                                   
                                                                                
x                                                                               
                                                                                
19_abcdefGHIJK_                                                                 
~                                                                               
~                                                                               
~                                                                               
19;14
HEADER                                                                          
00_abcdefGHI                                                                    
01_abcdefGHIJK_0123                                                             
                                                                                
x                                                                               
                                                                                
05_abcdefGHIJK_012345                                                           
06_abcdefGHIJK_                                                                 
07_abcdefGHIJK_0123456                                                          
08_abcdefGHIJK_0                                                                
                                                                                
x                                                                               
                                                                                
12_abcdefGHIJK_012                                                              
13_abcdefGHI                                                                    
14_abcdefGHIJK_0123                                                             
15_abcdefGHIJ                                                                   
                                                                                
x                                                                               
                                                                                
19_abcdefGHIJK_                                                                 
~                                                                               
~                                                                               
1;0
HEADER                                                                          
00_abcdefGHI                                                                    
01_abcdefGHIJK_0123                                                             
                                                                                
x                                                                               
 SAVE CHECK                                                                     
05_abcdefGHIJK_012345                                                           
06_abcdefGHIJK_                                                                 
07_abcdefGHIJK_0123456                                                          
08_abcdefGHIJK_0                                                                
                                                                                
x                                                                               
                                                                                
12_abcdefGHIJK_012                                                              
13_abcdefGHI                                                                    
14_abcdefGHIJK_0123                                                             
15_abcdefGHIJ                                                                   
                                                                                
x                                                                               
                                                                                
19_abcdefGHIJK_                                                                 
~                                                                               
~                                                                               
5;10
HEADER                                                                          
00_abcdefGHI                                                                    
0TAIL1_abcdefGHIJK_0123                                                         
                                                                                
x                                                                               
 SAVE CHECK                                                                     
05_abcdefGHIJK_012345                                                           
06_abcdefGHIJK_                                                                 
07_abcdefGHIJK_0123456                                                          
08_abcdefGHIJK_0                                                                
                                                                                
x                                                                               
                                                                                
12_abcdefGHIJK_012                                                              
13_abcdefGHI                                                                    
14_abcdefGHIJK_0123                                                             
15_abcdefGHIJ                                                                   
                                                                                
x                                                                               
                                                                                
19_abcdefGHIJK_                                                                 
~                                                                               
~                                                                               
2;4
HEADER                                                                          
00_abcdefGHI                                                                    
0TAIL1_abcdefGHIJK_0123                                                         
                                                                                
x                                                                               
 SAVE CHECK                                                                     
05_abcdefGHIJK_012345                                                           
06_abcdefGHIJK_                                                                 
07_abcdefGHIJK_0123456                                                          
08_abcdefGHIJK_0                                                                
                                                                                
                                                                                
x                                                                               
                                                                                
12_abcdefGHIJK_012                                                              
13_abcdefGHI                                                                    
14_abcdefGHIJK_0123                                                             
15_abcdefGHIJ                                                                   
                                                                                
x                                                                               
                                                                                
19_abcdefGHIJK_                                                                 
~                                                                               
11;0
HEADER                                                                          
00_abcdefGHI                                                                    
0TAIL1_abcdefGHIJK_0123                                                         
                                                                                
x                                                                               
 SAVE CHECK                                                                     
05_abcdefGHIJK_012345                                                           
06_abcdefGHIJK_                                                                 
07_abcdefGHIJK_0123456                                                          
08_abcdefGHIJK_0                                                                
                                                                                
x                                                                               
                                                                                
12_abcdefGHIJK_012                                                              
13_abcdefGHI                                                                    
14_abcdefGHIJK_0123                                                             
15_abcdefGHIJ                                                                   
                                                                                
x                                                                               
                                                                                
19_abcdefGHIJK_                                                                 
~                                                                               
~                                                                               
9;15
HEADER                                                                          
00_abcdefGHI                                                                    
0TAIL1_abcdefGHIJK_0123                                                         
                                                                                
x                                                                               
 SAVE CHECK                                                                     
05_abcdefGHIJK_012345                                                           
06_abcdefGHIJK_                                                                 
07_abcdefGHIJK_0123456                                                          
08_abcdefGHIJK_0                                                                
                                                                                
x                                                                               
                                                                                
12_abcdefGHIJK_012                                                              
13_abcdefGHI                                                                    
14_abcdefGHIJK_0123                                                             
15_abcdefGHIJ                                                                   
                                                                                
x                                                                               
                                                                                
19_abcdefGHIJK_                                                                 
~                                                                               
~                                                                               
HEADER                                                                          
00_abcdefGHI                                                                    
0TAIL1_abcdefGHIJK_0123                                                         
                                                                                
x                                                                               
 SAVE CHECK                                                                     
05_abcdefGHIJK_012345                                                           
06_abcdefGHIJK_                                                                 
07_abcdefGHIJK_0123456                                                          
08_abcdefGHIJK_0                                                                
                                                                                
x                                                                               
                                                                                
12_abcdefGHIJK_012                                                              
13_abcdefGHI                                                                    
14_abcdefGHIJK_0123                                                             
15_abcdefGHIJ                                                                   
                                                                                
x                                                                               
                                                                                
19_abcdefGHIJK_                                                                 
~                                                                               
~                                                                               
0;0
HFINALEADER                                                                     
00_abcdefGHI                                                                    
0TAIL1_abcdefGHIJK_0123                                                         
                                                                                
x                                                                               
 SAVE CHECK                                                                     
05_abcdefGHIJK_012345                                                           
06_abcdefGHIJK_                                                                 
07_abcdefGHIJK_0123456                                                          
08_abcdefGHIJK_0                                                                
                                                                                
x                                                                               
                                                                                
12_abcdefGHIJK_012                                                              
13_abcdefGHI                                                                    
14_abcdefGHIJK_0123                                                             
15_abcdefGHIJ                                                                   
                                                                                
x                                                                               
                                                                                
19_abcdefGHIJK_                                                                 
~                                                                               
~                                                                               
0;5
HFINALEADER                                                                     
00_abcdefGHI                                                                    
0TAIL1_abcdefGHIJK_0123                                                         
                                                                                
x                                                                               
 SAVE CHECK                                                                     
05_abcdefGHIJK_012345                                                           
06_abcdefGHIJK_                                                                 
07_abcdefGHIJK_0123456                                                          
08_abcdefGHIJK_0                                                                
                                                                                
x                                                                               
                                                                                
12_abcdefGHIJK_012                                                              
13_abcdefGHI                                                                    
14_abcdefGHIJK_0123                                                             
15_abcdefGHIJ                                                                   
                                                                                
x                                                                               
                                                                                
19_abcdefGHIJK_                                                                 
~                                                                               
~                                                                               
