abcdef                                                                          
xy                                                                              
abcdef                                                                          
2;5
abcdef                                                                          
xy                                                                              
abcdef                                                                          
1;1
abcdef                                                                          
xy                                                                              
abcdef                                                                          
0;0
abcdef                                                                          
xy                                                                              
abcdef                                                                          
1;1
