ABC                                                                             
0;2
ABC                                                                             
0;0
XABC                                                                            
0;1
XABC                                                                            
0;0
