abc                                                                             
0;2
abc                                                                             
:wq basic-cancel.txt                                                            
23;20
abc                                                                             
0;1
abc                                                                             
:                                                                               
23;1
abc                                                                             
:quit!                                                                          
23;6
abc                                                                             
0;1
aXbc                                                                            
0;1
