abc                                                                             
0;2
abc                                                                             
:NoSuchBasicCommand                                                             
23;19
abc                                                                             
0;1
aXbc                                                                            
0;1
aXbc                                                                            
0;1
aXYbc                                                                           
0;2
