save me                                                                         
second line                                                                     
1;10
save me                                                                         
second line                                                                     
:wq basic-save.txt                                                              
23;18
