aXYZbcd                                                                         
0;4
aXYZbcd                                                                         
0;3
aXYZbcd                                                                         
0;3
aXY?Zbcd                                                                        
0;4
aXY?Zbcd                                                                        
0;3
