00_abcdefGHI                                                                    
01_abcdefGHIJK_0123                                                             
                                                                                
x                                                                               
                                                                                
05_abcdefGHIJK_012345                                                           
06_abcdefGHIJK_                                                                 
07_abcdefGHIJK_0123456                                                          
08_abcdefGHIJK_0                                                                
                                                                                
x                                                                               
                                                                                
12_abcdefGHIJK_012                                                              
13_abcdefGHI                                                                    
14_abcdefGHIJK_0123                                                             
15_abcdefGHIJ                                                                   
                                                                                
x                                                                               
                                                                                
19_abcdefGHIJK_                                                                 
~                                                                               
~                                                                               
~                                                                               
19;14
00_abcdefGHI                                                                    
01_abcdefGHIJK_0123                                                             
                                                                                
x                                                                               
                                                                                
05_abcdefGHIJK_012345                                                           
06_abcdefGHIJK_                                                                 
07_abcdefGHIJK_0123456                                                          
08_abcdefGHIJK_0                                                                
                                                                                
x                                                                               
                                                                                
12_abcdefGHIJK_012                                                              
13_abcdefGHI                                                                    
14_abcdefGHIJK_0123                                                             
15_abcdefGHIJ                                                                   
                                                                                
x                                                                               
                                                                                
19_abcdefGHIJK_                                                                 
~                                                                               
~                                                                               
~                                                                               
0;6
00_abcdefGHI                                                                    
01_abcdefGHIJK_0123                                                             
                                                                                
x                                                                               
                                                                                
05_abcdefGHIJK_012345                                                           
06_abcdefGHIJK_                                                                 
07_abcdefGHIJK_0123456                                                          
08_abcdefGHIJK_0                                                                
                                                                                
x                                                                               
                                                                                
12_abcdefGHIJK_012                                                              
13_abcdefGHI                                                                    
14_abcdefGHIJK_0123                                                             
15_abcdefGHIJ                                                                   
                                                                                
x                                                                               
                                                                                
19_abcdefGHIJK_                                                                 
~                                                                               
~                                                                               
~                                                                               
00_abcdefGHI                                                                    
01_abcdefGHIJK_0123                                                             
                                                                                
x                                                                               
                                                                                
05_abcdefGHIJK_012345                                                           
06_abcdefGHIJK_                                                                 
07_abcdefGHIJK_0123456                                                          
08_abcdefGHIJK_0                                                                
                                                                                
x                                                                               
                                                                                
12_abcdefGHIJK_012                                                              
13_abcdefGHI                                                                    
14_abcdefGHIJK_0123                                                             
15_abcdefGHIJ                                                                   
                                                                                
x                                                                               
                                                                                
19_abcdefGHIJK_                                                                 
~                                                                               
~                                                                               
~                                                                               
00_abcdefGHI                                                                    
01_abcdefGHIJK_0123                                                             
                                                                                
x                                                                               
                                                                                
05_abcdefGHIJK_012345                                                           
06_abcdefGHIJK_                                                                 
07_abcdefGHIJK_0123456                                                          
08_abcdefGHIJK_0                                                                
                                                                                
x                                                                               
                                                                                
12_abcdefGHIJK_012                                                              
13_abcdefGHI                                                                    
14_abcdefGHIJK_0123                                                             
15_abcdefGHIJ                                                                   
                                                                                
x                                                                               
                                                                                
19_abcdefGHIJK_                                                                 
~                                                                               
~                                                                               
~                                                                               
0;6
00_abcOKdefGHI                                                                  
01_abcdefGHIJK_0123                                                             
                                                                                
x                                                                               
                                                                                
05_abcdefGHIJK_012345                                                           
06_abcdefGHIJK_                                                                 
07_abcdefGHIJK_0123456                                                          
08_abcdefGHIJK_0                                                                
                                                                                
x                                                                               
                                                                                
12_abcdefGHIJK_012                                                              
13_abcdefGHI                                                                    
14_abcdefGHIJK_0123                                                             
15_abcdefGHIJ                                                                   
                                                                                
x                                                                               
                                                                                
19_abcdefGHIJK_                                                                 
~                                                                               
~                                                                               
~                                                                               
0;7
00_abcOKdefGHI                                                                  
01_abcdefGHIJK_0123                                                             
                                                                                
x                                                                               
                                                                                
05_abcdefGHIJK_012345                                                           
06_abcdefGHIJK_                                                                 
07_abcdefGHIJK_0123456                                                          
08_abcdefGHIJK_0                                                                
                                                                                
x                                                                               
                                                                                
12_abcdefGHIJK_012                                                              
13_abcdefGHI                                                                    
14_abcdefGHIJK_0123                                                             
15_abcdefGHIJ                                                                   
                                                                                
x                                                                               
                                                                                
19_abcdefGHIJK_                                                                 
~                                                                               
~                                                                               
~                                                                               
00_abcOKdefGHI                                                                  
01_abcdefGHIJK_0123                                                             
                                                                                
x                                                                               
                                                                                
05_abcdefGHIJK_012345                                                           
06_abcdefGHIJK_                                                                 
07_abcdefGHIJK_0123456                                                          
08_abcdefGHIJK_0                                                                
                                                                                
x                                                                               
                                                                                
12_abcdefGHIJK_012                                                              
13_abcdefGHI                                                                    
14_abcdefGHIJK_0123                                                             
15_abcdefGHIJ                                                                   
                                                                                
x                                                                               
                                                                                
19_abcdefGHIJK_                                                                 
~                                                                               
~                                                                               
~                                                                               
2;0
00_abcOKdefGHI                                                                  
01_abcdefGHIJK_0123                                                             
                                                                                
x                                                                               
                                                                                
05_abcdefGHIJK_012345                                                           
06_abcdefGHIJK_                                                                 
07_abcdefGHIJK_0123456                                                          
08_abcdefGHIJK_0                                                                
                                                                                
x                                                                               
                                                                                
12_abcdefGHIJK_012                                                              
13_abcdefGHI                                                                    
14_abcdefGHIJK_0123                                                             
15_abcdefGHIJ                                                                   
                                                                                
x                                                                               
                                                                                
19_abcdefGHIJK_                                                                 
~                                                                               
~                                                                               
~                                                                               
00_abcOKdefGHI                                                                  
01_abcdefGHIJK_0123                                                             
EMPTY                                                                           
x                                                                               
                                                                                
05_abcdefGHIJK_012345                                                           
06_abcdefGHIJK_                                                                 
07_abcdefGHIJK_0123456                                                          
08_abcdefGHIJK_0                                                                
                                                                                
x                                                                               
                                                                                
12_abcdefGHIJK_012                                                              
13_abcdefGHI                                                                    
14_abcdefGHIJK_0123                                                             
15_abcdefGHIJ                                                                   
                                                                                
x                                                                               
                                                                                
19_abcdefGHIJK_                                                                 
~                                                                               
~                                                                               
~                                                                               
2;4
00_abcOKdefGHI                                                                  
01_abcdefGHIJK_0123                                                             
EMPTY                                                                           
x                                                                               
                                                                                
05_abcdefGHIJK_012345                                                           
06_abcdefGHIJK_                                                                 
07_abcdefGHIJK_0123456                                                          
08_abcdefGHIJK_0                                                                
                                                                                
x                                                                               
                                                                                
12_abcdefGHIJK_012                                                              
13_abcdefGHI                                                                    
14_abcdefGHIJK_0123                                                             
15_abcdefGHIJ                                                                   
                                                                                
x                                                                               
                                                                                
19_abcdefGHIJK_                                                                 
~                                                                               
~                                                                               
~                                                                               
19;2
00_abcOKdefGHI                                                                  
01_abcdefGHIJK_0123                                                             
EMPTY                                                                           
x                                                                               
                                                                                
05_abcdefGHIJK_012345                                                           
06_abcdefGHIJK_                                                                 
07_abcdefGHIJK_0123456                                                          
08_abcdefGHIJK_0                                                                
                                                                                
x                                                                               
                                                                                
12_abcdefGHIJK_012                                                              
13_abcdefGHI                                                                    
14_abcdefGHIJK_0123                                                             
15_abcdefGHIJ                                                                   
                                                                                
x                                                                               
                                                                                
19_abcdefGHIJK_                                                                 
~                                                                               
~                                                                               
~                                                                               
