                                                                                
0;0
ab                                                                              
0;2
ab                                                                              
0;1
ab                                                                              
0;2
abcd                                                                            
0;4
abcd                                                                            
0;3
abcd                                                                            
0;2
abXYZcd                                                                         
0;5
abXYZcd                                                                         
0;4
