00_abcdefGHI                                                                    
01_abcdefGHIJK_0123                                                             
                                                                                
x                                                                               
                                                                                
05_abcdefGHIJK_012345                                                           
06_abcdefGHIJK_                                                                 
07_abcdefGHIJK_0123456                                                          
08_abcdefGHIJK_0                                                                
                                                                                
x                                                                               
                                                                                
12_abcdefGHIJK_012                                                              
13_abcdefGHI                                                                    
14_abcdefGHIJK_0123                                                             
15_abcdefGHIJ                                                                   
                                                                                
x                                                                               
                                                                                
19_abcdefGHIJK_                                                                 
~                                                                               
~                                                                               
~                                                                               
19;14
00_abcdefGHI                                                                    
01_abcdefGHIJK_0123                                                             
                                                                                
x                                                                               
                                                                                
05_abcdefGHIJK_012345                                                           
06_abcdefGHIJK_                                                                 
07_abcdefGHIJK_0123456                                                          
08_abcdefGHIJK_0                                                                
                                                                                
x                                                                               
                                                                                
12_abcdefGHIJK_012                                                              
13_abcdefGHI                                                                    
14_abcdefGHIJK_0123                                                             
15_abcdefGHIJ                                                                   
                                                                                
x                                                                               
                                                                                
19_abcdefGHIJK_                                                                 
~                                                                               
~                                                                               
~                                                                               
0;4
00_a0123456789bcdefGHI                                                          
01_abcdefGHIJK_0123                                                             
                                                                                
x                                                                               
                                                                                
05_abcdefGHIJK_012345                                                           
06_abcdefGHIJK_                                                                 
07_abcdefGHIJK_0123456                                                          
08_abcdefGHIJK_0                                                                
                                                                                
x                                                                               
                                                                                
12_abcdefGHIJK_012                                                              
13_abcdefGHI                                                                    
14_abcdefGHIJK_0123                                                             
15_abcdefGHIJ                                                                   
                                                                                
x                                                                               
                                                                                
19_abcdefGHIJK_                                                                 
~                                                                               
~                                                                               
~                                                                               
0;14
00_a0123456789bcdefGHI                                                          
01_abcdefGHIJK_0123                                                             
                                                                                
x                                                                               
                                                                                
05_abcdefGHIJK_012345                                                           
06_abcdefGHIJK_                                                                 
07_abcdefGHIJK_0123456                                                          
08_abcdefGHIJK_0                                                                
                                                                                
x                                                                               
                                                                                
12_abcdefGHIJK_012                                                              
13_abcdefGHI                                                                    
14_abcdefGHIJK_0123                                                             
15_abcdefGHIJ                                                                   
                                                                                
x                                                                               
                                                                                
19_abcdefGHIJK_                                                                 
~                                                                               
~                                                                               
~                                                                               
0;13
00_a0123456789bcdefGHI                                                          
01_abcdefGHIJK_0123                                                             
                                                                                
x                                                                               
                                                                                
05_abcdefGHIJK_012345                                                           
06_abcdefGHIJK_                                                                 
07_abcdefGHIJK_0123456                                                          
08_abcdefGHIJK_0                                                                
                                                                                
x                                                                               
                                                                                
12_abcdefGHIJK_012                                                              
13_abcdefGHI                                                                    
14_abcdefGHIJK_0123                                                             
15_abcdefGHIJ                                                                   
                                                                                
x                                                                               
                                                                                
19_abcdefGHIJK_                                                                 
~                                                                               
~                                                                               
~                                                                               
2;0
00_a0123456789bcdefGHI                                                          
01_abcdefGHIJK_0123                                                             
 !"#$%%&'()*+,-./                                                                
x                                                                               
                                                                                
05_abcdefGHIJK_012345                                                           
06_abcdefGHIJK_                                                                 
07_abcdefGHIJK_0123456                                                          
08_abcdefGHIJK_0                                                                
                                                                                
x                                                                               
                                                                                
12_abcdefGHIJK_012                                                              
13_abcdefGHI                                                                    
14_abcdefGHIJK_0123                                                             
15_abcdefGHIJ                                                                   
                                                                                
x                                                                               
                                                                                
19_abcdefGHIJK_                                                                 
~                                                                               
~                                                                               
~                                                                               
2;16
00_a0123456789bcdefGHI                                                          
01_abcdefGHIJK_0123                                                             
 !"#$%%&'()*+,-./                                                                
x                                                                               
                                                                                
05_abcdefGHIJK_012345                                                           
06_abcdefGHIJK_                                                                 
07_abcdefGHIJK_0123456                                                          
08_abcdefGHIJK_0                                                                
                                                                                
x                                                                               
                                                                                
12_abcdefGHIJK_012                                                              
13_abcdefGHI                                                                    
14_abcdefGHIJK_0123                                                             
15_abcdefGHIJ                                                                   
                                                                                
x                                                                               
                                                                                
19_abcdefGHIJK_                                                                 
~                                                                               
~                                                                               
~                                                                               
2;15
00_a0123456789bcdefGHI                                                          
01_abcdefGHIJK_0123                                                             
 !"#$%%&'()*+,-./                                                                
x                                                                               
:;<=>?@[\]^_`{|}~                                                               
05_abcdefGHIJK_012345                                                           
06_abcdefGHIJK_                                                                 
07_abcdefGHIJK_0123456                                                          
08_abcdefGHIJK_0                                                                
                                                                                
x                                                                               
                                                                                
12_abcdefGHIJK_012                                                              
13_abcdefGHI                                                                    
14_abcdefGHIJK_0123                                                             
15_abcdefGHIJ                                                                   
                                                                                
x                                                                               
                                                                                
19_abcdefGHIJK_                                                                 
~                                                                               
~                                                                               
~                                                                               
4;17
00_a0123456789bcdefGHI                                                          
01_abcdefGHIJK_0123                                                             
 !"#$%%&'()*+,-./                                                                
x                                                                               
:;<=>?@[\]^_`{|}~                                                               
05_abcdefGHIJK_012345                                                           
06_abcdefGHIJK_                                                                 
07_abcdefGHIJK_0123456                                                          
08_abcdefGHIJK_0                                                                
                                                                                
x                                                                               
                                                                                
12_abcdefGHIJK_012                                                              
13_abcdefGHI                                                                    
14_abcdefGHIJK_0123                                                             
15_abcdefGHIJ                                                                   
                                                                                
x                                                                               
                                                                                
19_abcdefGHIJK_                                                                 
~                                                                               
~                                                                               
~                                                                               
4;16
00_a0123456789bcdefGHI                                                          
01_abcdefGHIJK_0123                                                             
 !"#$%%&'()*+,-./                                                                
x                                                                               
:;<=>?@[\]^_`{|}~                                                               
05_abcdefGHIJK_012345                                                           
06_abcdefGHIJK_                                                                 
07_abcdefGHIJK_0123456                                                          
08_LEFT                                                                         
RIGHTabcdefGHIJK_0                                                              
                                                                                
x                                                                               
                                                                                
12_abcdefGHIJK_012                                                              
13_abcdefGHI                                                                    
14_abcdefGHIJK_0123                                                             
15_abcdefGHIJ                                                                   
                                                                                
x                                                                               
                                                                                
19_abcdefGHIJK_                                                                 
~                                                                               
~                                                                               
9;5
00_a0123456789bcdefGHI                                                          
01_abcdefGHIJK_0123                                                             
 !"#$%%&'()*+,-./                                                                
x                                                                               
:;<=>?@[\]^_`{|}~                                                               
05_abcdefGHIJK_012345                                                           
06_abcdefGHIJK_                                                                 
07_abcdefGHIJK_0123456                                                          
08_LEFT                                                                         
RIGHTabcdefGHIJK_0                                                              
                                                                                
x                                                                               
                                                                                
12_abcdefGHIJK_012                                                              
13_abcdefGHI                                                                    
14_abcdefGHIJK_0123                                                             
15_abcdefGHIJ                                                                   
                                                                                
x                                                                               
                                                                                
19_abcdefGHIJK_                                                                 
~                                                                               
~                                                                               
9;4
00_a0123456789bcdefGHI                                                          
01_abcdefGHIJK_0123                                                             
 !"#$%%&'()*+,-./                                                                
x                                                                               
:;<=>?@[\]^_`{|}~                                                               
05_abcdefGHIJK_012345                                                           
06_abcdefGHIJK_                                                                 
07_abcdefGHIJK_0123456                                                          
08_LEFT                                                                         
RIGHTabcdefGHIJK_0                                                              
                                                                                
x                                                                               
                                                                                
12_abcdefGHIJK_012                                                              
13_abcdefGHI                                                                    
14_abcdefGHIJK_0123                                                             
15_abcdefGHIJ                                                                   
                                                                                
x                                                                               
                                                                                
19_abcdefGHIJK_                                                                 
~                                                                               
~                                                                               
