  A  B                                                                          
0;8
  A  B                                                                          
0;7
  A  B                                                                          
0;3
  A  B                                                                          
0;5
