00_abcdefGHI                                                                    
01_abcdefGHIJK_0123                                                             
                                                                                
x                                                                               
                                                                                
05_abcdefGHIJK_012345                                                           
06_abcdefGHIJK_                                                                 
07_abcdefGHIJK_0123456                                                          
08_abcdefGHIJK_0                                                                
                                                                                
x                                                                               
                                                                                
12_abcdefGHIJK_012                                                              
13_abcdefGHI                                                                    
14_abcdefGHIJK_0123                                                             
15_abcdefGHIJ                                                                   
                                                                                
x                                                                               
                                                                                
19_abcdefGHIJK_                                                                 
~                                                                               
~                                                                               
~                                                                               
19;14
00_ab                                                                           
cdefGHI                                                                         
01_abcdefGHIJK_0123                                                             
                                                                                
x                                                                               
                                                                                
05_abcdefGHIJK_012345                                                           
06_abcdefGHIJK_                                                                 
07_abcdefGHIJK_0123456                                                          
08_abcdefGHIJK_0                                                                
                                                                                
x                                                                               
                                                                                
12_abcdefGHIJK_012                                                              
13_abcdefGHI                                                                    
14_abcdefGHIJK_0123                                                             
15_abcdefGHIJ                                                                   
                                                                                
x                                                                               
                                                                                
19_abcdefGHIJK_                                                                 
~                                                                               
~                                                                               
1;0
00_ab                                                                           
                                                                                
cdefGHI                                                                         
01_abcdefGHIJK_0123                                                             
                                                                                
x                                                                               
                                                                                
05_abcdefGHIJK_012345                                                           
06_abcdefGHIJK_                                                                 
07_abcdefGHIJK_0123456                                                          
08_abcdefGHIJK_0                                                                
                                                                                
x                                                                               
                                                                                
12_abcdefGHIJK_012                                                              
13_abcdefGHI                                                                    
14_abcdefGHIJK_0123                                                             
15_abcdefGHIJ                                                                   
                                                                                
x                                                                               
                                                                                
19_abcdefGHIJK_                                                                 
~                                                                               
2;0
00_ab                                                                           
                                                                                
MIDDLEcdefGHI                                                                   
01_abcdefGHIJK_0123                                                             
                                                                                
x                                                                               
                                                                                
05_abcdefGHIJK_012345                                                           
06_abcdefGHIJK_                                                                 
07_abcdefGHIJK_0123456                                                          
08_abcdefGHIJK_0                                                                
                                                                                
x                                                                               
                                                                                
12_abcdefGHIJK_012                                                              
13_abcdefGHI                                                                    
14_abcdefGHIJK_0123                                                             
15_abcdefGHIJ                                                                   
                                                                                
x                                                                               
                                                                                
19_abcdefGHIJK_                                                                 
~                                                                               
2;6
00_ab                                                                           
                                                                                
cdefGHI                                                                         
01_abcdefGHIJK_0123                                                             
                                                                                
x                                                                               
                                                                                
05_abcdefGHIJK_012345                                                           
06_abcdefGHIJK_                                                                 
07_abcdefGHIJK_0123456                                                          
08_abcdefGHIJK_0                                                                
                                                                                
x                                                                               
                                                                                
12_abcdefGHIJK_012                                                              
13_abcdefGHI                                                                    
14_abcdefGHIJK_0123                                                             
15_abcdefGHIJ                                                                   
                                                                                
x                                                                               
                                                                                
19_abcdefGHIJK_                                                                 
~                                                                               
2;0
00_ab                                                                           
cdefGHI                                                                         
01_abcdefGHIJK_0123                                                             
                                                                                
x                                                                               
                                                                                
05_abcdefGHIJK_012345                                                           
06_abcdefGHIJK_                                                                 
07_abcdefGHIJK_0123456                                                          
08_abcdefGHIJK_0                                                                
                                                                                
x                                                                               
                                                                                
12_abcdefGHIJK_012                                                              
13_abcdefGHI                                                                    
14_abcdefGHIJK_0123                                                             
15_abcdefGHIJ                                                                   
                                                                                
x                                                                               
                                                                                
19_abcdefGHIJK_                                                                 
~                                                                               
~                                                                               
1;0
00_abcdefGHI                                                                    
01_abcdefGHIJK_0123                                                             
                                                                                
x                                                                               
                                                                                
05_abcdefGHIJK_012345                                                           
06_abcdefGHIJK_                                                                 
07_abcdefGHIJK_0123456                                                          
08_abcdefGHIJK_0                                                                
                                                                                
x                                                                               
                                                                                
12_abcdefGHIJK_012                                                              
13_abcdefGHI                                                                    
14_abcdefGHIJK_0123                                                             
15_abcdefGHIJ                                                                   
                                                                                
x                                                                               
                                                                                
19_abcdefGHIJK_                                                                 
~                                                                               
~                                                                               
~                                                                               
0;5
00_ab                                                                           
LEFT                                                                            
RIGHTcdefGHI                                                                    
01_abcdefGHIJK_0123                                                             
                                                                                
x                                                                               
                                                                                
05_abcdefGHIJK_012345                                                           
06_abcdefGHIJK_                                                                 
07_abcdefGHIJK_0123456                                                          
08_abcdefGHIJK_0                                                                
                                                                                
x                                                                               
                                                                                
12_abcdefGHIJK_012                                                              
13_abcdefGHI                                                                    
14_abcdefGHIJK_0123                                                             
15_abcdefGHIJ                                                                   
                                                                                
x                                                                               
                                                                                
19_abcdefGHIJK_                                                                 
~                                                                               
2;5
00_ab                                                                           
LEFT                                                                            
RIGHTcdefGHI                                                                    
01_abcdefGHIJK_0123                                                             
                                                                                
x                                                                               
                                                                                
05_abcdefGHIJK_012345                                                           
06_abcdefGHIJK_                                                                 
07_abcdefGHIJK_0123456                                                          
08_abcdefGHIJK_0                                                                
                                                                                
x                                                                               
                                                                                
12_abcdefGHIJK_012                                                              
13_abcdefGHI                                                                    
14_abcdefGHIJK_0123                                                             
15_abcdefGHIJ                                                                   
                                                                                
x                                                                               
                                                                                
19_abcdefGHIJK_                                                                 
~                                                                               
2;4
00_ab                                                                           
LEFT                                                                            
RIGHTcdefGHI                                                                    
01_abcdefGHIJK_0123                                                             
                                                                                
                                                                                
x                                                                               
                                                                                
05_abcdefGHIJK_012345                                                           
06_abcdefGHIJK_                                                                 
07_abcdefGHIJK_0123456                                                          
08_abcdefGHIJK_0                                                                
                                                                                
x                                                                               
                                                                                
12_abcdefGHIJK_012                                                              
13_abcdefGHI                                                                    
14_abcdefGHIJK_0123                                                             
15_abcdefGHIJ                                                                   
                                                                                
x                                                                               
                                                                                
19_abcdefGHIJK_                                                                 
4;0
00_ab                                                                           
LEFT                                                                            
RIGHTcdefGHI                                                                    
01_abcdefGHIJK_0123                                                             
                                                                                
                                                                                
x                                                                               
                                                                                
05_abcdefGHIJK_012345                                                           
06_abcdefGHIJK_                                                                 
07_abcdefGHIJK_0123456                                                          
08_abcdefGHIJK_0                                                                
                                                                                
x                                                                               
                                                                                
12_abcdefGHIJK_012                                                              
13_abcdefGHI                                                                    
14_abcdefGHIJK_0123                                                             
15_abcdefGHIJ                                                                   
                                                                                
x                                                                               
                                                                                
19_abcdefGHIJK_                                                                 
4;0
00_ab                                                                           
LEFT                                                                            
RIGHTcdefGHI                                                                    
01_abcdefGHIJK_0123                                                             
                                                                                
                                                                                
x                                                                               
                                                                                
05_abcdefGHIJK_012345                                                           
06_abcdefGHIJK_                                                                 
07_abcdefGHIJK_0123456                                                          
08_abcdefGHIJK_0                                                                
                                                                                
x                                                                               
                                                                                
12_abcdefGHIJK_012                                                              
13_abcdefGHI                                                                    
14_abcdefGHIJK_0123                                                             
15_abcdefGHIJ                                                                   
                                                                                
x                                                                               
                                                                                
19_abcdefGHIJK_                                                                 
